2026-09-30 19:41:37 | INFO     | crawling 112 instruments over 20260601..20260930
2026-09-30 19:41:37 | INFO     | CE02SHBP-LJ01D-06-CTDBPN106: 53 days, 235,415,122 bytes [0.2s]
2026-09-30 19:41:37 | INFO     | RS03AXBS-LJ03A-12-CTDPFB301: 122 days, 558,326,326 bytes [0.3s]
2026-09-30 19:41:37 | INFO     | CE04OSPS-SF01B-2A-CTDPFA107: 64 days, 240,543,296 bytes [0.3s]
2026-09-30 19:41:37 | INFO     | RS01SBPS-SF01A-2A-CTDPFA102: 77 days, 283,558,457 bytes [0.4s]
2026-09-30 19:41:37 | INFO     | RS03ECAL-MJ03E-12-CTDPFB306: 122 days, 417,946,528 bytes [0.4s]
2026-09-30 19:41:37 | INFO     | RS03AXPS-PC03A-4C-FLORDD303: 122 days, 658,693,091 bytes [0.4s]
2026-09-30 19:41:37 | INFO     | RS03ASHS-MJ03B-10-CTDPFB304: 122 days, 410,081,227 bytes [0.4s]
2026-09-30 19:41:37 | INFO     | RS01SBPS-PC01A-4C-FLORDD103: 122 days, 656,992,834 bytes [0.4s]
2026-09-30 19:41:37 | INFO     | RS01SBPS-PC01A-4A-CTDPFA103: 122 days, 558,411,318 bytes [0.4s]
2026-09-30 19:41:37 | INFO     | RS03AXPS-PC03A-4A-CTDPFA303: 122 days, 558,423,606 bytes [0.4s]
2026-09-30 19:41:37 | INFO     | CE04OSBP-LJ01C-06-CTDBPO108: 122 days, 552,972,444 bytes [0.4s]
2026-09-30 19:41:37 | INFO     | RS01SLBS-LJ01A-12-CTDPFB101: 122 days, 556,679,939 bytes [0.5s]
2026-09-30 19:41:37 | INFO     | RS03INT2-MJ03D-11-CTDPFB307: 122 days, 408,509,389 bytes [0.5s]
2026-09-30 19:41:37 | INFO     | CE04OSPS-PC01B-4A-CTDPFA109: 122 days, 558,312,604 bytes [0.5s]
2026-09-30 19:41:37 | INFO     | RS03CCAL-MJ03F-12-CTDPFB305: 122 days, 410,920,078 bytes [0.5s]
2026-09-30 19:41:37 | INFO     | RS03AXPS-SF03A-2A-CTDPFA302: 122 days, 456,577,156 bytes [0.5s]
2026-09-30 19:41:38 | INFO     | CE04OSPS-SF01B-3A-FLORTD104: 64 days, 347,393,216 bytes [0.3s]
2026-09-30 19:41:38 | INFO     | RS03AXPS-SF03A-3A-FLORTD301: 122 days, 672,216,587 bytes [0.2s]
2026-09-30 19:41:38 | INFO     | CE04OSPS-SF01B-4A-NUTNRA102: 64 days, 324,009,959 bytes [0.2s]
2026-09-30 19:41:38 | INFO     | RS01SBPS-SF01A-4A-NUTNRA101: 76 days, 351,587,715 bytes [0.2s]
2026-09-30 19:41:38 | INFO     | RS03AXPS-SF03A-3C-PARADA301: 122 days, 1,268,200,857 bytes [0.2s]
2026-09-30 19:41:38 | INFO     | CE04OSPS-PC01B-4D-PCO2WA105: 122 days, 1,204,368 bytes [0.2s]
2026-09-30 19:41:38 | INFO     | RS03AXPS-SF03A-4A-NUTNRA301: 121 days, 583,640,428 bytes [0.3s]
2026-09-30 19:41:38 | INFO     | CE04OSPS-SF01B-3C-PARADA102: 64 days, 668,257,484 bytes [0.3s]
2026-09-30 19:41:38 | INFO     | CE04OSPS-PC01B-4B-PHSENA106: 0 days, 0 bytes [0.0s]
2026-09-30 19:41:38 | INFO     | RS01SBPS-SF01A-3C-PARADA101: 76 days, 787,585,433 bytes [0.3s]
2026-09-30 19:41:38 | INFO     | RS01SBPS-SF01A-3A-FLORTD101: 77 days, 406,037,270 bytes [0.4s]
2026-09-30 19:41:38 | INFO     | CE02SHBP-LJ01D-09-PCO2WB103: 122 days, 1,229,133 bytes [0.2s]
2026-09-30 19:41:38 | INFO     | RS01SBPS-SF01A-4F-PCO2WA101: 76 days, 353,521 bytes [0.3s]
2026-09-30 19:41:38 | INFO     | CE04OSPS-SF01B-4F-PCO2WA102: 64 days, 301,228 bytes [0.3s]
2026-09-30 19:41:38 | INFO     | RS03AXPS-SF03A-4F-PCO2WA301: 121 days, 527,824 bytes [0.3s]
2026-09-30 19:41:38 | INFO     | CE04OSPS-SF01B-2B-PHSENA108: 64 days, 2,020,352 bytes [0.2s]
2026-09-30 19:41:38 | INFO     | CE04OSBP-LJ01C-09-PCO2WB104: 122 days, 1,224,629 bytes [0.3s]
2026-09-30 19:41:38 | INFO     | RS01SBPS-SF01A-2D-PHSENA101: 76 days, 2,369,131 bytes [0.2s]
2026-09-30 19:41:38 | INFO     | RS01SBPS-PC01A-4B-PHSENA102: 122 days, 3,222,630 bytes [0.2s]
2026-09-30 19:41:38 | INFO     | RS03AXPS-PC03A-4B-PHSENA302: 122 days, 3,222,630 bytes [0.2s]
2026-09-30 19:41:38 | INFO     | RS03AXPS-SF03A-2D-PHSENA301: 121 days, 3,526,656 bytes [0.3s]
2026-09-30 19:41:38 | INFO     | CE02SHBP-LJ01D-10-PHSENH110: 122 days, 2,477,261 bytes [0.2s]
2026-09-30 19:41:38 | INFO     | CE04OSPS-PC01B-4C-PHSENH109: 122 days, 2,485,060 bytes [0.3s]
2026-09-30 19:41:38 | INFO     | RS01SLBS-LJ01A-10-ADCPTE101: 51 days, 4,627,995,033 bytes [0.2s]
2026-09-30 19:41:38 | INFO     | CE04OSBP-LJ01C-10-PHSEND107: 122 days, 3,248,128 bytes [0.2s]
2026-09-30 19:41:38 | INFO     | RS01SBPS-SF01A-4B-VELPTD102: 77 days, 377,934,379 bytes [0.2s]
2026-09-30 19:41:38 | INFO     | RS03AXPS-SF03A-4B-VELPTD302: 122 days, 608,767,494 bytes [0.2s]
2026-09-30 19:41:38 | INFO     | CE04OSPS-SF01B-4B-VELPTD106: 64 days, 320,759,348 bytes [0.3s]
2026-09-30 19:41:38 | INFO     | CE02SHBP-LJ01D-05-ADCPTB104: 122 days, 11,656,285,388 bytes [0.2s]
2026-09-30 19:41:38 | INFO     | RS01SUM2-MJ01B-12-ADCPSK101: 122 days, 11,421,194,649 bytes [0.3s]
2026-09-30 19:41:38 | INFO     | RS01SBPS-PC01A-06-VADCPB101: 122 days, 37,941,254,553 bytes [0.2s]
2026-09-30 19:41:38 | INFO     | CE04OSBP-LJ01C-05-ADCPSI103: 122 days, 11,401,271,705 bytes [0.3s]
2026-09-30 19:41:38 | INFO     | RS03AXBS-LJ03A-10-ADCPTE303: 122 days, 11,420,250,931 bytes [0.3s]
2026-09-30 19:41:38 | INFO     | RS03AXPS-PC03A-05-ADCPTD302: 122 days, 11,422,243,225 bytes [0.3s]
2026-09-30 19:41:38 | INFO     | RS03INT1-MJ03C-10-TRHPHA301: 122 days, 102,475,264 bytes [0.3s]
2026-09-30 19:41:38 | INFO     | RS03AXPS-PC03A-06-VADCPB301: 122 days, 37,534,826,496 bytes [0.3s]
2026-09-30 19:41:38 | INFO     | RS03INT1-MJ03C-07-D1000A301: 122 days, 367,372,240 bytes [0.3s]
2026-09-30 19:41:38 | INFO     | RS03AXBS-LJ03A-05-HPIESA301: 0 days, 0 bytes [0.2s]
2026-09-30 19:41:38 | INFO     | RS01SLBS-MJ01A-06-PRESTA101: 122 days, 2,411,101,184 bytes [0.3s]
2026-09-30 19:41:38 | INFO     | RS03INT1-MJ03C-09-TRHPHA302: 122 days, 93,339,648 bytes [0.3s]
2026-09-30 19:41:38 | INFO     | RS01SUM1-LJ01B-09-PRESTB102: 122 days, 1,903,362,048 bytes [0.3s]
2026-09-30 19:41:38 | INFO     | RS03AXBS-MJ03A-06-PRESTA301: 122 days, 126,903,296 bytes [0.3s]
2026-09-30 19:41:38 | INFO     | RS01SLBS-LJ01A-05-HPIESA101: 122 days, 758,966,670 bytes [0.3s]
2026-09-30 19:41:38 | INFO     | RS03ASHS-MJ03B-07-TMPSFA301: 122 days, 266,501,457 bytes [0.2s]
2026-09-30 19:41:38 | INFO     | RS01SBPS-PC01A-05-ADCPTD102: 122 days, 11,420,984,934 bytes [0.5s]
2026-09-30 19:41:38 | INFO     | RS01SLBS-MJ01A-12-VEL3DB101: 122 days, 1,167,483,675 bytes [0.2s]
2026-09-30 19:41:38 | INFO     | RS03ASHS-MJ03B-09-BOTPTA304: 122 days, 2,030,361,600 bytes [0.2s]
2026-09-30 19:41:38 | INFO     | RS03AXBS-MJ03A-12-VEL3DB301: 122 days, 1,167,510,299 bytes [0.3s]
2026-09-30 19:41:38 | INFO     | RS03CCAL-MJ03F-05-BOTPTA301: 122 days, 2,007,309,926 bytes [0.2s]
2026-09-30 19:41:39 | INFO     | RS01SUM1-LJ01B-12-VEL3DB104: 122 days, 1,167,395,611 bytes [0.3s]
2026-09-30 19:41:39 | INFO     | RS03INT2-MJ03D-12-VEL3DB304: 122 days, 1,167,523,611 bytes [0.3s]
2026-09-30 19:41:39 | INFO     | RS03INT2-MJ03D-06-BOTPTA303: 122 days, 2,030,531,584 bytes [0.2s]
2026-09-30 19:41:39 | INFO     | RS01SBPS-SF01A-3B-OPTAAD101: 76 days, 1,977,614,336 bytes [0.2s]
2026-09-30 19:41:39 | INFO     | CE04OSPS-SF01B-3B-OPTAAD105: 64 days, 1,598,029,824 bytes [0.2s]
2026-09-30 19:41:39 | INFO     | RS03ECAL-MJ03E-06-BOTPTA302: 122 days, 12,944,670,720 bytes [0.3s]
2026-09-30 19:41:39 | INFO     | CE02SHBP-LJ01D-07-VEL3DC108: 122 days, 3,801,526,272 bytes [0.2s]
2026-09-30 19:41:39 | INFO     | CE04OSBP-LJ01C-07-VEL3DC107: 122 days, 3,800,433,664 bytes [0.3s]
2026-09-30 19:41:39 | INFO     | CE02SHBP-LJ01D-08-OPTAAD106: 53 days, 697,465,241 bytes [0.2s]
2026-09-30 19:41:39 | INFO     | RS01SLBS-LJ01A-11-OPTAAC103: 111 days, 1,394,360,725 bytes [0.3s]
2026-09-30 19:41:39 | INFO     | RS03AXPS-SF03A-3B-OPTAAD301: 121 days, 3,045,064,704 bytes [0.3s]
2026-09-30 19:41:39 | INFO     | CE04OSBP-LJ01C-08-OPTAAC104: 122 days, 1,597,524,992 bytes [0.3s]
2026-09-30 19:41:39 | INFO     | CE04OSPS-SF01B-3D-SPKIRA102: 64 days, 1,670,381,568 bytes [0.2s]
2026-09-30 19:41:39 | INFO     | RS03AXBS-LJ03A-11-OPTAAC303: 122 days, 1,523,060,736 bytes [0.3s]
2026-09-30 19:41:39 | INFO     | RS01SBPS-SF01A-3D-SPKIRA101: 77 days, 1,969,750,034 bytes [0.3s]
2026-09-30 19:41:39 | INFO     | RS03AXPS-SF03A-3D-SPKIRA301: 122 days, 3,170,754,560 bytes [0.2s]
2026-09-30 19:41:39 | INFO     | RS01SLBS-MJ01A-05-HYDLFA101: 0 days, 0 bytes [0.1s]
2026-09-30 19:41:39 | INFO     | RS01SUM1-LJ01B-05-HYDLFA104: 0 days, 0 bytes [0.1s]
2026-09-30 19:41:39 | INFO     | RS03AXBS-MJ03A-05-HYDLFA301: 0 days, 0 bytes [0.1s]
2026-09-30 19:41:39 | INFO     | RS03CCAL-MJ03F-06-HYDLFA305: 0 days, 0 bytes [0.1s]
2026-09-30 19:41:39 | INFO     | RS03ECAL-MJ03E-09-HYDLFA304: 0 days, 0 bytes [0.1s]
2026-09-30 19:41:39 | INFO     | RS01SUM1-LJ01B-05-OBSBBA101: 0 days, 0 bytes [0.2s]
2026-09-30 19:41:39 | INFO     | RS03AXBS-MJ03A-05-OBSBBA303: 0 days, 0 bytes [0.1s]
2026-09-30 19:41:40 | INFO     | RS01SLBS-MJ01A-05-OBSBBA102: 0 days, 0 bytes [0.2s]
2026-09-30 19:41:40 | INFO     | RS03ECAL-MJ03E-09-OBSBBA302: 0 days, 0 bytes [0.0s]
2026-09-30 19:41:40 | INFO     | RS01SUM1-LJ01B-06-OBSSPA103: 0 days, 0 bytes [0.0s]
2026-09-30 19:41:40 | INFO     | RS03CCAL-MJ03F-06-OBSBBA301: 0 days, 0 bytes [0.2s]
2026-09-30 19:41:40 | INFO     | RS01SUM1-LJ01B-07-OBSSPA102: 0 days, 0 bytes [0.0s]
2026-09-30 19:41:40 | INFO     | RS01SUM1-LJ01B-08-OBSSPA101: 0 days, 0 bytes [0.0s]
2026-09-30 19:41:40 | INFO     | RS03ECAL-MJ03E-05-OBSSPA303: 0 days, 0 bytes [0.1s]
2026-09-30 19:41:40 | INFO     | RS03ASHS-MJ03B-06-OBSSPA301: 0 days, 0 bytes [0.1s]
2026-09-30 19:41:40 | INFO     | RS03ASHS-MJ03B-05-OBSSPA302: 0 days, 0 bytes [0.3s]
2026-09-30 19:41:40 | INFO     | RS03ECAL-MJ03E-08-OBSSPA304: 0 days, 0 bytes [0.1s]
2026-09-30 19:41:40 | INFO     | RS03INT2-MJ03D-05-OBSSPA305: 0 days, 0 bytes [0.1s]
2026-09-30 19:41:50 | INFO     | CE02SHBP-MJ01C-08-CAMDSB107: 52 days, 149,770,731,519 bytes [11.5s]
2026-09-30 19:41:53 | INFO     | RS03ASHS-PN03B-06-CAMHDA301: 122 days, 24,716,999,387,422 bytes [14.4s]
2026-09-30 19:41:58 | INFO     | CE04OSBP-LJ01C-11-HYDBBA105: 51 days, 469,132,428,385 bytes [19.4s]
2026-09-30 19:42:01 | INFO     | RS01SUM2-MJ01B-05-CAMDSB103: 122 days, 141,531,642,280 bytes [22.0s]
2026-09-30 19:42:01 | INFO     | RS01SBPS-PC01A-07-CAMDSC102: 120 days, 384,361,427,146 bytes [22.8s]
2026-09-30 19:42:02 | INFO     | RS03AXPS-PC03A-07-CAMDSC302: 122 days, 397,420,580,033 bytes [23.1s]
2026-09-30 19:42:02 | INFO     | RS03INT1-MJ03C-05-CAMDSB303: 122 days, 207,386,098,026 bytes [23.7s]
2026-09-30 19:42:03 | INFO     | CE04OSBP-LV01C-06-CAMDSB106: 121 days, 164,725,095,155 bytes [24.0s]
2026-09-30 19:42:10 | INFO     | CE02SHBP-LJ01D-11-HYDBBA106: 121 days, 847,430,925,674 bytes [31.6s]
2026-09-30 19:42:11 | INFO     | RS03AXBS-LJ03A-09-HYDBBA302: 121 days, 1,071,604,782,089 bytes [32.6s]
2026-09-30 19:42:12 | INFO     | RS03AXPS-PC03A-08-HYDBBA303: 121 days, 1,181,551,841,813 bytes [32.8s]
2026-09-30 19:42:12 | INFO     | RS01SBPS-PC01A-08-HYDBBA103: 121 days, 1,180,191,929,246 bytes [33.1s]
2026-09-30 19:42:12 | INFO     | RS01SLBS-LJ01A-09-HYDBBA102: 121 days, 808,117,572,214 bytes [33.3s]
2026-09-30 19:42:12 | INFO     | crawled 112 instruments in 35s (0.3s each)
2026-09-30 19:42:12 | INFO     | 17 complete weeks in window: 2026-06-08..2026-09-28
2026-09-30 19:42:12 | SUCCESS  | wrote reports/2026-09-30/weekly_delivery.csv (112 instruments x 17 weeks)
2026-09-30 19:42:13 | INFO     | flox 0.11.2 present, use_flox forced on
2026-09-30 19:42:13 | WARNING  | RS03AXPS-SF03A-3B-OPTAAD301: skipped (store mid-regeneration, see REGENERATING)
2026-09-30 19:42:13 | WARNING  | CE04OSPS-SF01B-3B-OPTAAD105: skipped (store mid-regeneration, see REGENERATING)
2026-09-30 19:42:13 | WARNING  | RS01SBPS-SF01A-3B-OPTAAD101: skipped (store mid-regeneration, see REGENERATING)
2026-09-30 19:42:13 | WARNING  | RS01SLBS-LJ01A-11-OPTAAC103: skipped (store mid-regeneration, see REGENERATING)
2026-09-30 19:42:13 | WARNING  | CE04OSBP-LJ01C-08-OPTAAC104: skipped (store mid-regeneration, see REGENERATING)
2026-09-30 19:42:13 | WARNING  | RS03AXBS-LJ03A-11-OPTAAC303: skipped (store mid-regeneration, see REGENERATING)
2026-09-30 19:42:13 | WARNING  | CE02SHBP-LJ01D-08-OPTAAD106: skipped (store mid-regeneration, see REGENERATING)
2026-09-30 19:42:13 | INFO     | C2: scanning QARTOD in 74 zarr datasets over 2026-06-01..2026-09-30
2026-09-30 19:42:13 | INFO     | CE02SHBP-LJ01D-06-CTDBPN106: start
2026-09-30 19:42:33 | INFO     | CE02SHBP-LJ01D-06-CTDBPN106: 7 wks, sci~100% [19s, peak 10.2 GiB]
2026-09-30 19:42:33 | INFO     | CE04OSBP-LJ01C-06-CTDBPO108: start
2026-09-30 19:43:03 | INFO     | CE04OSBP-LJ01C-06-CTDBPO108: 17 wks, sci~100% [31s, peak 12.0 GiB]
2026-09-30 19:43:03 | INFO     | RS01SLBS-LJ01A-12-CTDPFB101: start
2026-09-30 19:43:34 | INFO     | RS01SLBS-LJ01A-12-CTDPFB101: 17 wks, sci~100% [30s, peak 12.2 GiB]
2026-09-30 19:43:34 | INFO     | RS03AXBS-LJ03A-12-CTDPFB301: start
2026-09-30 19:44:06 | INFO     | RS03AXBS-LJ03A-12-CTDPFB301: 18 wks, sci~100% [32s, peak 12.4 GiB]
2026-09-30 19:44:06 | INFO     | RS03ASHS-MJ03B-10-CTDPFB304: start
2026-09-30 19:44:29 | INFO     | RS03ASHS-MJ03B-10-CTDPFB304: 17 wks, sci~100% [24s, peak 12.4 GiB]
2026-09-30 19:44:29 | INFO     | RS03CCAL-MJ03F-12-CTDPFB305: start
2026-09-30 19:44:49 | INFO     | RS03CCAL-MJ03F-12-CTDPFB305: 17 wks, sci~100% [20s, peak 12.4 GiB]
2026-09-30 19:44:49 | INFO     | RS03ECAL-MJ03E-12-CTDPFB306: start
2026-09-30 19:45:10 | INFO     | RS03ECAL-MJ03E-12-CTDPFB306: 17 wks, sci~100% [21s, peak 12.4 GiB]
2026-09-30 19:45:10 | INFO     | RS03INT2-MJ03D-11-CTDPFB307: start
2026-09-30 19:45:27 | INFO     | RS03INT2-MJ03D-11-CTDPFB307: 17 wks, sci~100% [18s, peak 12.4 GiB]
2026-09-30 19:45:27 | INFO     | RS01SBPS-PC01A-4A-CTDPFA103: start
2026-09-30 19:45:59 | INFO     | RS01SBPS-PC01A-4A-CTDPFA103: 18 wks, sci~100% [32s, peak 12.4 GiB]
2026-09-30 19:45:59 | INFO     | CE04OSPS-PC01B-4A-CTDPFA109: start
2026-09-30 19:46:28 | INFO     | CE04OSPS-PC01B-4A-CTDPFA109: 18 wks, sci~100% [30s, peak 12.4 GiB]
2026-09-30 19:46:28 | INFO     | RS03AXPS-PC03A-4A-CTDPFA303: start
2026-09-30 19:46:59 | INFO     | RS03AXPS-PC03A-4A-CTDPFA303: 18 wks, sci~100% [31s, peak 12.4 GiB]
2026-09-30 19:46:59 | INFO     | RS01SBPS-SF01A-2A-CTDPFA102: start
2026-09-30 19:47:21 | INFO     | RS01SBPS-SF01A-2A-CTDPFA102: 11 wks, sci~100% [22s, peak 12.4 GiB]
2026-09-30 19:47:21 | INFO     | CE04OSPS-SF01B-2A-CTDPFA107: start
2026-09-30 19:47:42 | INFO     | CE04OSPS-SF01B-2A-CTDPFA107: 10 wks, sci~100% [21s, peak 12.4 GiB]
2026-09-30 19:47:42 | INFO     | RS03AXPS-SF03A-2A-CTDPFA302: start
2026-09-30 19:48:09 | INFO     | RS03AXPS-SF03A-2A-CTDPFA302: 18 wks, sci~100% [27s, peak 12.4 GiB]
2026-09-30 19:48:09 | INFO     | RS01SBPS-PC01A-4C-FLORDD103: start
2026-09-30 19:48:28 | INFO     | RS01SBPS-PC01A-4C-FLORDD103: 18 wks, sci~100% [19s, peak 12.4 GiB]
2026-09-30 19:48:28 | INFO     | RS03AXPS-PC03A-4C-FLORDD303: start
2026-09-30 19:48:47 | INFO     | RS03AXPS-PC03A-4C-FLORDD303: 18 wks, sci~100% [19s, peak 12.4 GiB]
2026-09-30 19:48:47 | INFO     | CE04OSPS-SF01B-3A-FLORTD104: start
2026-09-30 19:49:03 | INFO     | CE04OSPS-SF01B-3A-FLORTD104: 10 wks, sci~71% [16s, peak 12.4 GiB]
2026-09-30 19:49:03 | INFO     | RS01SBPS-SF01A-3A-FLORTD101: start
2026-09-30 19:49:18 | INFO     | RS01SBPS-SF01A-3A-FLORTD101: 11 wks, sci~100% [15s, peak 12.4 GiB]
2026-09-30 19:49:18 | INFO     | RS03AXPS-SF03A-3A-FLORTD301: start
2026-09-30 19:49:38 | INFO     | RS03AXPS-SF03A-3A-FLORTD301: 18 wks, sci~83% [21s, peak 12.4 GiB]
2026-09-30 19:49:38 | INFO     | CE04OSPS-SF01B-4A-NUTNRA102: start
2026-09-30 19:49:42 | INFO     | CE04OSPS-SF01B-4A-NUTNRA102: 10 wks, sci~100% [3s, peak 12.4 GiB]
2026-09-30 19:49:42 | INFO     | RS01SBPS-SF01A-4A-NUTNRA101: start
2026-09-30 19:49:44 | INFO     | RS01SBPS-SF01A-4A-NUTNRA101: 11 wks, sci~98% [3s, peak 12.4 GiB]
2026-09-30 19:49:44 | INFO     | RS03AXPS-SF03A-4A-NUTNRA301: start
2026-09-30 19:49:47 | INFO     | RS03AXPS-SF03A-4A-NUTNRA301: 18 wks, sci~95% [3s, peak 12.4 GiB]
2026-09-30 19:49:47 | INFO     | CE04OSPS-SF01B-3C-PARADA102: start
2026-09-30 19:50:04 | INFO     | CE04OSPS-SF01B-3C-PARADA102: 10 wks, sci~21% [17s, peak 12.4 GiB]
2026-09-30 19:50:04 | INFO     | RS01SBPS-SF01A-3C-PARADA101: start
2026-09-30 19:50:35 | INFO     | RS01SBPS-SF01A-3C-PARADA101: 11 wks, sci~33% [31s, peak 28.5 GiB]
2026-09-30 19:50:35 | INFO     | RS03AXPS-SF03A-3C-PARADA301: start
2026-09-30 19:51:07 | INFO     | RS03AXPS-SF03A-3C-PARADA301: 18 wks, sci~30% [32s, peak 28.5 GiB]
2026-09-30 19:51:07 | INFO     | CE04OSPS-SF01B-4F-PCO2WA102: start
2026-09-30 19:51:10 | INFO     | CE04OSPS-SF01B-4F-PCO2WA102: 10 wks, sci~35% [3s, peak 28.5 GiB]
2026-09-30 19:51:10 | INFO     | CE04OSPS-PC01B-4D-PCO2WA105: start
2026-09-30 19:51:12 | INFO     | CE04OSPS-PC01B-4D-PCO2WA105: 18 wks, sci~100% [3s, peak 28.5 GiB]
2026-09-30 19:51:12 | INFO     | RS01SBPS-SF01A-4F-PCO2WA101: start
2026-09-30 19:51:15 | INFO     | RS01SBPS-SF01A-4F-PCO2WA101: 11 wks, sci~61% [3s, peak 28.5 GiB]
2026-09-30 19:51:15 | INFO     | RS03AXPS-SF03A-4F-PCO2WA301: start
2026-09-30 19:51:18 | INFO     | RS03AXPS-SF03A-4F-PCO2WA301: 18 wks, sci~75% [3s, peak 28.5 GiB]
2026-09-30 19:51:18 | INFO     | CE02SHBP-LJ01D-09-PCO2WB103: start
2026-09-30 19:51:20 | INFO     | CE02SHBP-LJ01D-09-PCO2WB103: 17 wks, sci~96% [3s, peak 28.5 GiB]
2026-09-30 19:51:20 | INFO     | CE04OSBP-LJ01C-09-PCO2WB104: start
2026-09-30 19:51:23 | INFO     | CE04OSBP-LJ01C-09-PCO2WB104: 17 wks, sci~93% [3s, peak 28.5 GiB]
2026-09-30 19:51:23 | INFO     | CE04OSPS-SF01B-2B-PHSENA108: start
2026-09-30 19:51:26 | INFO     | CE04OSPS-SF01B-2B-PHSENA108: 10 wks, sci~33% [3s, peak 28.5 GiB]
2026-09-30 19:51:26 | INFO     | CE04OSPS-PC01B-4B-PHSENA106: start
2026-09-30 19:51:28 | INFO     | CE04OSPS-PC01B-4B-PHSENA106: 0 wks (no data in window) [2s, peak 28.5 GiB]
2026-09-30 19:51:28 | INFO     | RS01SBPS-PC01A-4B-PHSENA102: start
2026-09-30 19:51:31 | INFO     | RS01SBPS-PC01A-4B-PHSENA102: 18 wks, sci~100% [3s, peak 28.5 GiB]
2026-09-30 19:51:31 | INFO     | RS01SBPS-SF01A-2D-PHSENA101: start
2026-09-30 19:51:34 | INFO     | RS01SBPS-SF01A-2D-PHSENA101: 11 wks, sci~98% [3s, peak 28.5 GiB]
2026-09-30 19:51:34 | INFO     | RS03AXPS-PC03A-4B-PHSENA302: start
2026-09-30 19:51:37 | INFO     | RS03AXPS-PC03A-4B-PHSENA302: 18 wks, sci~100% [3s, peak 28.5 GiB]
2026-09-30 19:51:37 | INFO     | RS03AXPS-SF03A-2D-PHSENA301: start
2026-09-30 19:51:39 | INFO     | RS03AXPS-SF03A-2D-PHSENA301: 18 wks, sci~99% [3s, peak 28.5 GiB]
2026-09-30 19:51:39 | INFO     | CE04OSPS-PC01B-4C-PHSENH109: start
2026-09-30 19:51:41 | WARNING  | CE04OSPS-PC01B-4C-PHSENH109: no QARTOD vars [2s, peak 28.5 GiB]
2026-09-30 19:51:41 | INFO     | CE02SHBP-LJ01D-10-PHSENH110: start
2026-09-30 19:51:43 | WARNING  | CE02SHBP-LJ01D-10-PHSENH110: no QARTOD vars [2s, peak 28.5 GiB]
2026-09-30 19:51:43 | INFO     | CE04OSBP-LJ01C-10-PHSEND107: start
2026-09-30 19:51:46 | INFO     | CE04OSBP-LJ01C-10-PHSEND107: 17 wks, sci~95% [3s, peak 28.5 GiB]
2026-09-30 19:51:46 | INFO     | CE04OSPS-SF01B-4B-VELPTD106: start
2026-09-30 19:51:57 | WARNING  | CE04OSPS-SF01B-4B-VELPTD106: no QARTOD vars [11s, peak 28.5 GiB]
2026-09-30 19:51:57 | INFO     | RS01SBPS-SF01A-4B-VELPTD102: start
2026-09-30 19:52:10 | WARNING  | RS01SBPS-SF01A-4B-VELPTD102: no QARTOD vars [13s, peak 28.5 GiB]
2026-09-30 19:52:10 | INFO     | RS03AXPS-SF03A-4B-VELPTD302: start
2026-09-30 19:52:23 | WARNING  | RS03AXPS-SF03A-4B-VELPTD302: no QARTOD vars [13s, peak 28.5 GiB]
2026-09-30 19:52:23 | INFO     | RS01SLBS-LJ01A-10-ADCPTE101: start
2026-09-30 19:52:36 | INFO     | RS01SLBS-LJ01A-10-ADCPTE101: 7 wks, sci~100% [13s, peak 28.5 GiB]
2026-09-30 19:52:36 | INFO     | RS01SUM2-MJ01B-12-ADCPSK101: start
2026-09-30 19:52:49 | INFO     | RS01SUM2-MJ01B-12-ADCPSK101: 18 wks, sci~100% [14s, peak 28.5 GiB]
2026-09-30 19:52:49 | INFO     | CE04OSBP-LJ01C-05-ADCPSI103: start
2026-09-30 19:53:04 | INFO     | CE04OSBP-LJ01C-05-ADCPSI103: 17 wks, sci~100% [14s, peak 28.5 GiB]
2026-09-30 19:53:04 | INFO     | CE02SHBP-LJ01D-05-ADCPTB104: start
2026-09-30 19:53:33 | INFO     | CE02SHBP-LJ01D-05-ADCPTB104: 17 wks, sci~100% [29s, peak 28.5 GiB]
2026-09-30 19:53:33 | INFO     | RS03AXBS-LJ03A-10-ADCPTE303: start
2026-09-30 19:53:51 | INFO     | RS03AXBS-LJ03A-10-ADCPTE303: 18 wks, sci~100% [18s, peak 28.5 GiB]
2026-09-30 19:53:51 | INFO     | RS03AXPS-PC03A-05-ADCPTD302: start
2026-09-30 19:54:17 | INFO     | RS03AXPS-PC03A-05-ADCPTD302: 18 wks, sci~100% [26s, peak 28.5 GiB]
2026-09-30 19:54:17 | INFO     | RS01SBPS-PC01A-05-ADCPTD102: start
2026-09-30 19:54:43 | INFO     | RS01SBPS-PC01A-05-ADCPTD102: 18 wks, sci~100% [26s, peak 28.5 GiB]
2026-09-30 19:54:43 | INFO     | RS03AXPS-PC03A-06-VADCPB301: start
2026-09-30 19:54:47 | WARNING  | RS03AXPS-PC03A-06-VADCPB301: no QARTOD vars [4s, peak 28.5 GiB]
2026-09-30 19:54:47 | INFO     | RS01SBPS-PC01A-06-VADCPB101: start
2026-09-30 19:54:51 | WARNING  | RS01SBPS-PC01A-06-VADCPB101: no QARTOD vars [5s, peak 28.5 GiB]
2026-09-30 19:54:51 | INFO     | RS03INT1-MJ03C-07-D1000A301: start
2026-09-30 19:54:58 | INFO     | RS03INT1-MJ03C-07-D1000A301: 17 wks, sci~100% [7s, peak 28.5 GiB]
2026-09-30 19:54:58 | INFO     | RS03INT1-MJ03C-10-TRHPHA301: start
2026-09-30 19:55:04 | INFO     | RS03INT1-MJ03C-10-TRHPHA301: 18 wks, sci~100% [6s, peak 28.5 GiB]
2026-09-30 19:55:04 | INFO     | RS03INT1-MJ03C-09-TRHPHA302: start
2026-09-30 19:55:07 | WARNING  | RS03INT1-MJ03C-09-TRHPHA302: no QARTOD vars [3s, peak 28.5 GiB]
2026-09-30 19:55:07 | INFO     | RS03AXBS-MJ03A-06-PRESTA301: start
2026-09-30 19:55:13 | INFO     | RS03AXBS-MJ03A-06-PRESTA301: 18 wks, sci~100% [6s, peak 28.5 GiB]
2026-09-30 19:55:13 | INFO     | RS01SLBS-MJ01A-06-PRESTA101: start
2026-09-30 19:55:30 | INFO     | RS01SLBS-MJ01A-06-PRESTA101: 18 wks, sci~100% [17s, peak 28.5 GiB]
2026-09-30 19:55:30 | INFO     | RS01SUM1-LJ01B-09-PRESTB102: start
2026-09-30 19:55:47 | INFO     | RS01SUM1-LJ01B-09-PRESTB102: 18 wks, sci~100% [17s, peak 28.5 GiB]
2026-09-30 19:55:47 | INFO     | RS03AXBS-LJ03A-05-HPIESA301: start
2026-09-30 19:55:49 | INFO     | RS03AXBS-LJ03A-05-HPIESA301: 0 wks (no data in window) [2s, peak 28.5 GiB]
2026-09-30 19:55:49 | INFO     | RS01SLBS-LJ01A-05-HPIESA101: start
2026-09-30 19:55:52 | INFO     | RS01SLBS-LJ01A-05-HPIESA101: 8 wks, sci~75% [3s, peak 28.5 GiB]
2026-09-30 19:55:52 | INFO     | RS03ASHS-MJ03B-07-TMPSFA301: start
2026-09-30 19:56:04 | INFO     | RS03ASHS-MJ03B-07-TMPSFA301: 18 wks, sci~100% [12s, peak 28.5 GiB]
2026-09-30 19:56:04 | INFO     | RS01SLBS-MJ01A-12-VEL3DB101: start
2026-09-30 19:56:34 | INFO     | RS01SLBS-MJ01A-12-VEL3DB101: 18 wks, sci~100% [30s, peak 28.5 GiB]
2026-09-30 19:56:34 | INFO     | RS01SUM1-LJ01B-12-VEL3DB104: start
2026-09-30 19:57:06 | INFO     | RS01SUM1-LJ01B-12-VEL3DB104: 18 wks, sci~100% [32s, peak 28.5 GiB]
2026-09-30 19:57:06 | INFO     | RS03AXBS-MJ03A-12-VEL3DB301: start
2026-09-30 19:57:36 | INFO     | RS03AXBS-MJ03A-12-VEL3DB301: 18 wks, sci~100% [30s, peak 28.5 GiB]
2026-09-30 19:57:36 | INFO     | RS03INT2-MJ03D-12-VEL3DB304: start
2026-09-30 19:58:07 | INFO     | RS03INT2-MJ03D-12-VEL3DB304: 18 wks, sci~100% [31s, peak 28.5 GiB]
2026-09-30 19:58:07 | INFO     | RS03ASHS-MJ03B-09-BOTPTA304: start
2026-09-30 19:58:09 | WARNING  | RS03ASHS-MJ03B-09-BOTPTA304: no QARTOD vars [1s, peak 28.5 GiB]
2026-09-30 19:58:09 | INFO     | RS03CCAL-MJ03F-05-BOTPTA301: start
2026-09-30 19:58:10 | WARNING  | RS03CCAL-MJ03F-05-BOTPTA301: no QARTOD vars [2s, peak 28.5 GiB]
2026-09-30 19:58:10 | INFO     | RS03ECAL-MJ03E-06-BOTPTA302: start
2026-09-30 19:58:12 | WARNING  | RS03ECAL-MJ03E-06-BOTPTA302: no QARTOD vars [2s, peak 28.5 GiB]
2026-09-30 19:58:12 | INFO     | RS03INT2-MJ03D-06-BOTPTA303: start
2026-09-30 19:58:14 | WARNING  | RS03INT2-MJ03D-06-BOTPTA303: no QARTOD vars [2s, peak 28.5 GiB]
2026-09-30 19:58:14 | INFO     | CE04OSBP-LJ01C-07-VEL3DC107: start
2026-09-30 20:01:59 | INFO     | CE04OSBP-LJ01C-07-VEL3DC107: 17 wks, sci~87% [225s, peak 28.5 GiB]
2026-09-30 20:01:59 | INFO     | CE02SHBP-LJ01D-07-VEL3DC108: start
2026-09-30 20:06:15 | INFO     | CE02SHBP-LJ01D-07-VEL3DC108: 17 wks, sci~82% [256s, peak 67.5 GiB]
2026-09-30 20:06:15 | INFO     | CE04OSPS-SF01B-3D-SPKIRA102: start
2026-09-30 20:06:57 | INFO     | CE04OSPS-SF01B-3D-SPKIRA102: 10 wks, sci~19% [42s, peak 67.5 GiB]
2026-09-30 20:06:57 | INFO     | RS01SBPS-SF01A-3D-SPKIRA101: start
2026-09-30 20:07:24 | INFO     | RS01SBPS-SF01A-3D-SPKIRA101: 11 wks, sci~46% [27s, peak 67.5 GiB]
2026-09-30 20:07:24 | INFO     | RS03AXPS-SF03A-3D-SPKIRA301: start
2026-09-30 20:08:24 | INFO     | RS03AXPS-SF03A-3D-SPKIRA301: 18 wks, sci~37% [60s, peak 67.5 GiB]
2026-09-30 20:08:24 | INFO     | scanned 74 zarr in 1571s (60 with QARTOD)
2026-09-30 20:08:24 | SUCCESS  | wrote reports/2026-09-30/weekly_science.csv (60 instruments with QARTOD)
2026-09-30 20:08:24 | SUCCESS  | wrote reports/2026-09-30/kpi.csv (1904 instrument-weeks)
2026-09-30 20:08:24 | SUCCESS  | wrote reports/2026-09-30/kpi_pivot_technical.csv (112 instruments x 17 weeks)
2026-09-30 20:08:24 | SUCCESS  | wrote reports/2026-09-30/kpi_pivot_retention.csv (112 instruments x 17 weeks)
2026-09-30 20:08:24 | SUCCESS  | wrote reports/2026-09-30/kpi_pivot_science.csv (112 instruments x 17 weeks)
2026-09-30 20:08:29 | SUCCESS  | wrote reports/2026-09-30/kpi_heatmap_technical.png (113 instruments x 17 weeks)
2026-09-30 20:08:33 | SUCCESS  | wrote reports/2026-09-30/kpi_heatmap_retention.png (113 instruments x 17 weeks)
2026-09-30 20:08:37 | SUCCESS  | wrote reports/2026-09-30/kpi_heatmap_science.png (113 instruments x 17 weeks)
