2026-09-07 12:00:53 | INFO     | crawling 112 instruments over 20260601..20260907
2026-09-07 12:00:54 | INFO     | RS01SBPS-PC01A-4A-CTDPFA103: 99 days, 452,246,284 bytes [0.2s]
2026-09-07 12:00:54 | INFO     | RS01SBPS-SF01A-2A-CTDPFA102: 77 days, 283,558,457 bytes [0.3s]
2026-09-07 12:00:54 | INFO     | RS03CCAL-MJ03F-12-CTDPFB305: 99 days, 331,297,338 bytes [0.3s]
2026-09-07 12:00:54 | INFO     | RS03AXPS-PC03A-4C-FLORDD303: 99 days, 533,330,920 bytes [0.3s]
2026-09-07 12:00:54 | INFO     | RS03AXPS-PC03A-4A-CTDPFA303: 99 days, 452,259,596 bytes [0.3s]
2026-09-07 12:00:54 | INFO     | RS03AXPS-SF03A-2A-CTDPFA302: 99 days, 369,715,141 bytes [0.3s]
2026-09-07 12:00:54 | INFO     | RS01SLBS-LJ01A-12-CTDPFB101: 99 days, 450,564,057 bytes [0.3s]
2026-09-07 12:00:54 | INFO     | RS03AXBS-LJ03A-12-CTDPFB301: 99 days, 452,210,444 bytes [0.3s]
2026-09-07 12:00:54 | INFO     | RS01SBPS-PC01A-4C-FLORDD103: 99 days, 533,630,133 bytes [0.3s]
2026-09-07 12:00:54 | INFO     | RS03ASHS-MJ03B-10-CTDPFB304: 99 days, 330,458,487 bytes [0.3s]
2026-09-07 12:00:54 | INFO     | RS01SBPS-SF01A-3A-FLORTD101: 77 days, 406,037,270 bytes [0.1s]
2026-09-07 12:00:54 | INFO     | RS01SBPS-SF01A-4A-NUTNRA101: 76 days, 351,587,715 bytes [0.1s]
2026-09-07 12:00:54 | INFO     | RS03AXPS-SF03A-3A-FLORTD301: 99 days, 544,555,753 bytes [0.1s]
2026-09-07 12:00:54 | INFO     | RS01SBPS-SF01A-3C-PARADA101: 76 days, 787,585,433 bytes [0.1s]
2026-09-07 12:00:54 | INFO     | RS03AXPS-SF03A-4A-NUTNRA301: 98 days, 547,985,776 bytes [0.1s]
2026-09-07 12:00:54 | INFO     | RS03AXPS-SF03A-3C-PARADA301: 99 days, 1,026,917,785 bytes [0.1s]
2026-09-07 12:00:54 | INFO     | RS01SBPS-SF01A-4F-PCO2WA101: 76 days, 353,521 bytes [0.1s]
2026-09-07 12:00:54 | INFO     | CE04OSPS-PC01B-4B-PHSENA106: 0 days, 0 bytes [0.0s]
2026-09-07 12:00:54 | INFO     | CE04OSPS-SF01B-4F-PCO2WA102: 64 days, 301,228 bytes [0.2s]
2026-09-07 12:00:54 | INFO     | RS03AXPS-SF03A-4F-PCO2WA301: 98 days, 437,824 bytes [0.1s]
2026-09-07 12:00:54 | INFO     | RS01SBPS-SF01A-2D-PHSENA101: 76 days, 2,369,131 bytes [0.1s]
2026-09-07 12:00:54 | INFO     | RS01SBPS-PC01A-4B-PHSENA102: 99 days, 2,610,278 bytes [0.1s]
2026-09-07 12:00:54 | INFO     | RS03AXPS-PC03A-4B-PHSENA302: 99 days, 2,610,278 bytes [0.1s]
2026-09-07 12:00:54 | INFO     | CE04OSPS-PC01B-4D-PCO2WA105: 99 days, 975,089 bytes [0.3s]
2026-09-07 12:00:54 | INFO     | CE02SHBP-LJ01D-09-PCO2WB103: 99 days, 1,001,834 bytes [0.3s]
2026-09-07 12:00:54 | INFO     | CE04OSBP-LJ01C-09-PCO2WB104: 99 days, 997,212 bytes [0.3s]
2026-09-07 12:00:54 | INFO     | RS03AXPS-SF03A-2D-PHSENA301: 98 days, 2,931,712 bytes [0.1s]
2026-09-07 12:00:54 | INFO     | RS01SBPS-SF01A-4B-VELPTD102: 77 days, 377,934,379 bytes [0.1s]
2026-09-07 12:00:54 | INFO     | RS03AXPS-SF03A-4B-VELPTD302: 99 days, 492,952,498 bytes [0.1s]
2026-09-07 12:00:54 | INFO     | RS01SLBS-LJ01A-10-ADCPTE101: 28 days, 2,457,442,713 bytes [0.1s]
2026-09-07 12:00:54 | INFO     | RS01SUM2-MJ01B-12-ADCPSK101: 99 days, 9,249,593,753 bytes [0.1s]
2026-09-07 12:00:54 | INFO     | CE02SHBP-LJ01D-06-CTDBPN106: 30 days, 129,299,240 bytes [0.9s]
2026-09-07 12:00:54 | INFO     | RS03AXBS-LJ03A-10-ADCPTE303: 99 days, 9,249,698,611 bytes [0.1s]
2026-09-07 12:00:55 | INFO     | RS03AXPS-PC03A-05-ADCPTD302: 99 days, 9,250,747,187 bytes [0.1s]
2026-09-07 12:00:55 | INFO     | RS01SBPS-PC01A-05-ADCPTD102: 99 days, 9,250,432,614 bytes [0.1s]
2026-09-07 12:00:55 | INFO     | RS03AXPS-PC03A-06-VADCPB301: 99 days, 30,399,476,531 bytes [0.1s]
2026-09-07 12:00:55 | INFO     | CE04OSPS-SF01B-2B-PHSENA108: 64 days, 2,020,352 bytes [0.9s]
2026-09-07 12:00:55 | INFO     | RS01SBPS-PC01A-06-VADCPB101: 99 days, 30,750,959,206 bytes [0.1s]
2026-09-07 12:00:55 | INFO     | RS03INT1-MJ03C-07-D1000A301: 99 days, 297,400,486 bytes [0.1s]
2026-09-07 12:00:55 | INFO     | RS03INT1-MJ03C-10-TRHPHA301: 99 days, 82,992,640 bytes [0.1s]
2026-09-07 12:00:55 | INFO     | RS03INT1-MJ03C-09-TRHPHA302: 99 days, 78,235,648 bytes [0.1s]
2026-09-07 12:00:55 | INFO     | CE04OSPS-SF01B-4A-NUTNRA102: 64 days, 324,009,959 bytes [1.3s]
2026-09-07 12:00:55 | INFO     | RS03AXBS-MJ03A-06-PRESTA301: 99 days, 102,774,784 bytes [0.1s]
2026-09-07 12:00:55 | INFO     | RS03AXBS-LJ03A-05-HPIESA301: 0 days, 0 bytes [0.0s]
2026-09-07 12:00:55 | INFO     | RS01SLBS-MJ01A-06-PRESTA101: 99 days, 1,952,873,472 bytes [0.1s]
2026-09-07 12:00:55 | INFO     | RS01SUM1-LJ01B-09-PRESTB102: 99 days, 1,541,603,328 bytes [0.1s]
2026-09-07 12:00:55 | INFO     | CE04OSPS-SF01B-2A-CTDPFA107: 64 days, 240,543,296 bytes [1.7s]
2026-09-07 12:00:55 | INFO     | CE04OSPS-SF01B-3C-PARADA102: 64 days, 668,257,484 bytes [1.5s]
2026-09-07 12:00:55 | INFO     | RS01SLBS-LJ01A-05-HPIESA101: 99 days, 613,214,613 bytes [0.1s]
2026-09-07 12:00:55 | INFO     | CE04OSPS-SF01B-3A-FLORTD104: 64 days, 347,393,216 bytes [1.5s]
2026-09-07 12:00:55 | INFO     | RS03ASHS-MJ03B-07-TMPSFA301: 99 days, 215,831,698 bytes [0.1s]
2026-09-07 12:00:55 | INFO     | RS01SLBS-MJ01A-12-VEL3DB101: 99 days, 945,604,998 bytes [0.1s]
2026-09-07 12:00:55 | INFO     | RS01SUM1-LJ01B-12-VEL3DB104: 99 days, 945,516,934 bytes [0.1s]
2026-09-07 12:00:55 | INFO     | RS03AXBS-MJ03A-12-VEL3DB301: 99 days, 945,530,246 bytes [0.1s]
2026-09-07 12:00:55 | INFO     | RS03ASHS-MJ03B-09-BOTPTA304: 99 days, 1,644,485,632 bytes [0.1s]
2026-09-07 12:00:55 | INFO     | RS03CCAL-MJ03F-05-BOTPTA301: 99 days, 1,634,943,590 bytes [0.1s]
2026-09-07 12:00:55 | INFO     | RS03AXPS-SF03A-3B-OPTAAD301: 98 days, 2,466,250,752 bytes [0.1s]
2026-09-07 12:00:55 | INFO     | CE04OSBP-LJ01C-10-PHSEND107: 99 days, 2,635,776 bytes [1.4s]
2026-09-07 12:00:55 | INFO     | CE04OSPS-SF01B-4B-VELPTD106: 64 days, 320,759,348 bytes [1.4s]
2026-09-07 12:00:56 | INFO     | CE02SHBP-LJ01D-10-PHSENH110: 99 days, 2,006,221 bytes [1.5s]
2026-09-07 12:00:56 | INFO     | RS01SBPS-SF01A-3B-OPTAAD101: 76 days, 1,977,614,336 bytes [0.1s]
2026-09-07 12:00:56 | INFO     | RS01SLBS-LJ01A-11-OPTAAC103: 90 days, 1,128,259,170 bytes [0.1s]
2026-09-07 12:00:56 | INFO     | CE04OSPS-PC01B-4C-PHSENH109: 99 days, 2,013,847 bytes [1.6s]
2026-09-07 12:00:56 | INFO     | RS03AXBS-LJ03A-11-OPTAAC303: 99 days, 1,233,645,568 bytes [0.1s]
2026-09-07 12:00:56 | INFO     | RS01SBPS-SF01A-3D-SPKIRA101: 77 days, 1,969,750,034 bytes [0.1s]
2026-09-07 12:00:56 | INFO     | RS03AXPS-SF03A-3D-SPKIRA301: 99 days, 2,567,550,976 bytes [0.1s]
2026-09-07 12:00:56 | INFO     | CE02SHBP-LJ01D-08-OPTAAD106: 30 days, 383,926,681 bytes [0.5s]
2026-09-07 12:00:56 | INFO     | RS03ECAL-MJ03E-12-CTDPFB306: 99 days, 338,322,764 bytes [2.8s]
2026-09-07 12:00:56 | INFO     | CE04OSPS-PC01B-4A-CTDPFA109: 99 days, 452,148,594 bytes [2.8s]
2026-09-07 12:00:56 | INFO     | CE04OSBP-LJ01C-06-CTDBPO108: 99 days, 446,856,562 bytes [2.9s]
2026-09-07 12:00:57 | INFO     | RS03INT2-MJ03D-11-CTDPFB307: 99 days, 328,885,625 bytes [3.1s]
2026-09-07 12:00:57 | INFO     | CE02SHBP-LJ01D-05-ADCPTB104: 99 days, 9,437,498,572 bytes [2.2s]
2026-09-07 12:00:57 | INFO     | CE04OSPS-SF01B-3B-OPTAAD105: 64 days, 1,598,029,824 bytes [1.2s]
2026-09-07 12:00:57 | INFO     | CE04OSPS-SF01B-3D-SPKIRA102: 64 days, 1,670,381,568 bytes [1.1s]
2026-09-07 12:00:57 | INFO     | CE04OSBP-LJ01C-05-ADCPSI103: 99 days, 9,230,719,385 bytes [2.4s]
2026-09-07 12:00:57 | INFO     | RS03ECAL-MJ03E-06-BOTPTA302: 99 days, 10,483,662,848 bytes [1.7s]
2026-09-07 12:00:57 | INFO     | CE04OSBP-LJ01C-08-OPTAAC104: 99 days, 1,308,111,872 bytes [1.8s]
2026-09-07 12:00:57 | INFO     | RS03INT2-MJ03D-12-VEL3DB304: 99 days, 945,544,582 bytes [2.2s]
2026-09-07 12:00:57 | INFO     | CE04OSBP-LJ01C-07-VEL3DC107: 99 days, 3,076,916,224 bytes [2.2s]
2026-09-07 12:00:57 | INFO     | CE02SHBP-LJ01D-07-VEL3DC108: 99 days, 3,078,008,832 bytes [2.2s]
2026-09-07 12:00:58 | INFO     | RS01SLBS-MJ01A-05-HYDLFA101: 0 days, 0 bytes [0.0s]
2026-09-07 12:00:58 | INFO     | RS03INT2-MJ03D-06-BOTPTA303: 99 days, 1,644,485,632 bytes [2.3s]
2026-09-07 12:00:58 | INFO     | RS03CCAL-MJ03F-06-HYDLFA305: 0 days, 0 bytes [0.0s]
2026-09-07 12:00:58 | INFO     | RS03AXBS-MJ03A-05-HYDLFA301: 0 days, 0 bytes [0.2s]
2026-09-07 12:00:58 | INFO     | RS03ECAL-MJ03E-09-HYDLFA304: 0 days, 0 bytes [0.0s]
2026-09-07 12:00:58 | INFO     | RS01SUM1-LJ01B-05-HYDLFA104: 0 days, 0 bytes [0.2s]
2026-09-07 12:00:58 | INFO     | RS01SUM1-LJ01B-05-OBSBBA101: 0 days, 0 bytes [0.0s]
2026-09-07 12:00:58 | INFO     | RS03CCAL-MJ03F-06-OBSBBA301: 0 days, 0 bytes [0.0s]
2026-09-07 12:00:58 | INFO     | RS01SLBS-MJ01A-05-OBSBBA102: 0 days, 0 bytes [0.1s]
2026-09-07 12:00:58 | INFO     | RS03AXBS-MJ03A-05-OBSBBA303: 0 days, 0 bytes [0.1s]
2026-09-07 12:00:58 | INFO     | RS01SUM1-LJ01B-06-OBSSPA103: 0 days, 0 bytes [0.0s]
2026-09-07 12:00:58 | INFO     | RS03ECAL-MJ03E-09-OBSBBA302: 0 days, 0 bytes [0.1s]
2026-09-07 12:00:58 | INFO     | RS01SUM1-LJ01B-07-OBSSPA102: 0 days, 0 bytes [0.1s]
2026-09-07 12:00:58 | INFO     | RS01SUM1-LJ01B-08-OBSSPA101: 0 days, 0 bytes [0.2s]
2026-09-07 12:00:58 | INFO     | RS03ASHS-MJ03B-05-OBSSPA302: 0 days, 0 bytes [0.0s]
2026-09-07 12:00:58 | INFO     | RS03ASHS-MJ03B-06-OBSSPA301: 0 days, 0 bytes [0.1s]
2026-09-07 12:00:58 | INFO     | RS03ECAL-MJ03E-05-OBSSPA303: 0 days, 0 bytes [0.0s]
2026-09-07 12:00:58 | INFO     | RS03INT2-MJ03D-05-OBSSPA305: 0 days, 0 bytes [0.0s]
2026-09-07 12:00:58 | INFO     | RS03ECAL-MJ03E-08-OBSSPA304: 0 days, 0 bytes [0.1s]
2026-09-07 12:00:59 | INFO     | CE02SHBP-MJ01C-08-CAMDSB107: 29 days, 82,892,029,952 bytes [2.9s]
2026-09-07 12:01:03 | INFO     | CE04OSBP-LJ01C-11-HYDBBA105: 28 days, 267,859,523,758 bytes [6.5s]
2026-09-07 12:01:04 | INFO     | RS03ASHS-PN03B-06-CAMHDA301: 99 days, 18,682,159,270,792 bytes [7.4s]
2026-09-07 12:01:05 | INFO     | RS01SBPS-PC01A-07-CAMDSC102: 97 days, 309,870,063,819 bytes [9.1s]
2026-09-07 12:01:06 | INFO     | CE04OSBP-LV01C-06-CAMDSB106: 98 days, 133,788,958,778 bytes [9.9s]
2026-09-07 12:01:06 | INFO     | RS01SUM2-MJ01B-05-CAMDSB103: 99 days, 111,235,557,068 bytes [10.2s]
2026-09-07 12:01:07 | INFO     | RS03AXPS-PC03A-07-CAMDSC302: 99 days, 326,413,320,192 bytes [10.5s]
2026-09-07 12:01:07 | INFO     | RS03INT1-MJ03C-05-CAMDSB303: 99 days, 140,603,341,162 bytes [10.4s]
2026-09-07 12:01:11 | INFO     | CE02SHBP-LJ01D-11-HYDBBA106: 98 days, 682,449,795,086 bytes [14.5s]
2026-09-07 12:01:11 | INFO     | RS01SBPS-PC01A-08-HYDBBA103: 98 days, 955,920,816,881 bytes [14.5s]
2026-09-07 12:01:12 | INFO     | RS01SLBS-LJ01A-09-HYDBBA102: 98 days, 654,221,206,387 bytes [14.7s]
2026-09-07 12:01:12 | INFO     | RS03AXBS-LJ03A-09-HYDBBA302: 98 days, 867,529,033,852 bytes [14.4s]
2026-09-07 12:01:12 | INFO     | RS03AXPS-PC03A-08-HYDBBA303: 98 days, 957,027,707,982 bytes [14.4s]
2026-09-07 12:01:12 | INFO     | crawled 112 instruments in 18s (0.2s each)
2026-09-07 12:01:12 | INFO     | 14 complete weeks in window: 2026-06-08..2026-09-07
2026-09-07 12:01:12 | SUCCESS  | wrote reports/2026-09-07/weekly_delivery.csv (112 instruments x 14 weeks)
2026-09-07 12:01:13 | INFO     | flox 0.11.2 present, use_flox forced on
2026-09-07 12:01:13 | WARNING  | RS03AXPS-SF03A-3B-OPTAAD301: skipped (store mid-regeneration, see REGENERATING)
2026-09-07 12:01:13 | WARNING  | CE04OSPS-SF01B-3B-OPTAAD105: skipped (store mid-regeneration, see REGENERATING)
2026-09-07 12:01:13 | WARNING  | RS01SBPS-SF01A-3B-OPTAAD101: skipped (store mid-regeneration, see REGENERATING)
2026-09-07 12:01:13 | WARNING  | RS01SLBS-LJ01A-11-OPTAAC103: skipped (store mid-regeneration, see REGENERATING)
2026-09-07 12:01:13 | WARNING  | CE04OSBP-LJ01C-08-OPTAAC104: skipped (store mid-regeneration, see REGENERATING)
2026-09-07 12:01:13 | WARNING  | RS03AXBS-LJ03A-11-OPTAAC303: skipped (store mid-regeneration, see REGENERATING)
2026-09-07 12:01:13 | WARNING  | CE02SHBP-LJ01D-08-OPTAAD106: skipped (store mid-regeneration, see REGENERATING)
2026-09-07 12:01:13 | INFO     | C2: scanning QARTOD in 74 zarr datasets over 2026-06-01..2026-09-07
2026-09-07 12:01:13 | INFO     | CE02SHBP-LJ01D-06-CTDBPN106: start
2026-09-07 12:01:22 | INFO     | CE02SHBP-LJ01D-06-CTDBPN106: 4 wks, sci~100% [9s, peak 10.1 GiB]
2026-09-07 12:01:22 | INFO     | CE04OSBP-LJ01C-06-CTDBPO108: start
2026-09-07 12:01:38 | INFO     | CE04OSBP-LJ01C-06-CTDBPO108: 14 wks, sci~100% [15s, peak 11.4 GiB]
2026-09-07 12:01:38 | INFO     | RS01SLBS-LJ01A-12-CTDPFB101: start
2026-09-07 12:01:53 | INFO     | RS01SLBS-LJ01A-12-CTDPFB101: 14 wks, sci~100% [15s, peak 11.7 GiB]
2026-09-07 12:01:53 | INFO     | RS03AXBS-LJ03A-12-CTDPFB301: start
2026-09-07 12:02:09 | INFO     | RS03AXBS-LJ03A-12-CTDPFB301: 15 wks, sci~100% [16s, peak 11.9 GiB]
2026-09-07 12:02:09 | INFO     | RS03ASHS-MJ03B-10-CTDPFB304: start
2026-09-07 12:02:22 | INFO     | RS03ASHS-MJ03B-10-CTDPFB304: 14 wks, sci~100% [13s, peak 11.9 GiB]
2026-09-07 12:02:22 | INFO     | RS03CCAL-MJ03F-12-CTDPFB305: start
2026-09-07 12:02:33 | INFO     | RS03CCAL-MJ03F-12-CTDPFB305: 14 wks, sci~100% [11s, peak 11.9 GiB]
2026-09-07 12:02:33 | INFO     | RS03ECAL-MJ03E-12-CTDPFB306: start
2026-09-07 12:02:45 | INFO     | RS03ECAL-MJ03E-12-CTDPFB306: 14 wks, sci~100% [12s, peak 11.9 GiB]
2026-09-07 12:02:45 | INFO     | RS03INT2-MJ03D-11-CTDPFB307: start
2026-09-07 12:02:54 | INFO     | RS03INT2-MJ03D-11-CTDPFB307: 14 wks, sci~100% [10s, peak 11.9 GiB]
2026-09-07 12:02:54 | INFO     | RS01SBPS-PC01A-4A-CTDPFA103: start
2026-09-07 12:03:11 | INFO     | RS01SBPS-PC01A-4A-CTDPFA103: 15 wks, sci~100% [16s, peak 11.9 GiB]
2026-09-07 12:03:11 | INFO     | CE04OSPS-PC01B-4A-CTDPFA109: start
2026-09-07 12:03:27 | INFO     | CE04OSPS-PC01B-4A-CTDPFA109: 15 wks, sci~100% [16s, peak 11.9 GiB]
2026-09-07 12:03:27 | INFO     | RS03AXPS-PC03A-4A-CTDPFA303: start
2026-09-07 12:03:43 | INFO     | RS03AXPS-PC03A-4A-CTDPFA303: 15 wks, sci~100% [16s, peak 11.9 GiB]
2026-09-07 12:03:43 | INFO     | RS01SBPS-SF01A-2A-CTDPFA102: start
2026-09-07 12:03:56 | INFO     | RS01SBPS-SF01A-2A-CTDPFA102: 11 wks, sci~100% [13s, peak 11.9 GiB]
2026-09-07 12:03:56 | INFO     | CE04OSPS-SF01B-2A-CTDPFA107: start
2026-09-07 12:04:09 | INFO     | CE04OSPS-SF01B-2A-CTDPFA107: 10 wks, sci~100% [12s, peak 11.9 GiB]
2026-09-07 12:04:09 | INFO     | RS03AXPS-SF03A-2A-CTDPFA302: start
2026-09-07 12:04:23 | INFO     | RS03AXPS-SF03A-2A-CTDPFA302: 15 wks, sci~100% [14s, peak 11.9 GiB]
2026-09-07 12:04:23 | INFO     | RS01SBPS-PC01A-4C-FLORDD103: start
2026-09-07 12:04:33 | INFO     | RS01SBPS-PC01A-4C-FLORDD103: 15 wks, sci~100% [11s, peak 11.9 GiB]
2026-09-07 12:04:33 | INFO     | RS03AXPS-PC03A-4C-FLORDD303: start
2026-09-07 12:04:44 | INFO     | RS03AXPS-PC03A-4C-FLORDD303: 15 wks, sci~100% [10s, peak 11.9 GiB]
2026-09-07 12:04:44 | INFO     | CE04OSPS-SF01B-3A-FLORTD104: start
2026-09-07 12:04:54 | INFO     | CE04OSPS-SF01B-3A-FLORTD104: 10 wks, sci~71% [11s, peak 11.9 GiB]
2026-09-07 12:04:54 | INFO     | RS01SBPS-SF01A-3A-FLORTD101: start
2026-09-07 12:05:03 | INFO     | RS01SBPS-SF01A-3A-FLORTD101: 11 wks, sci~100% [9s, peak 11.9 GiB]
2026-09-07 12:05:03 | INFO     | RS03AXPS-SF03A-3A-FLORTD301: start
2026-09-07 12:05:14 | INFO     | RS03AXPS-SF03A-3A-FLORTD301: 15 wks, sci~82% [11s, peak 11.9 GiB]
2026-09-07 12:05:14 | INFO     | CE04OSPS-SF01B-4A-NUTNRA102: start
2026-09-07 12:05:16 | INFO     | CE04OSPS-SF01B-4A-NUTNRA102: 10 wks, sci~100% [2s, peak 11.9 GiB]
2026-09-07 12:05:16 | INFO     | RS01SBPS-SF01A-4A-NUTNRA101: start
2026-09-07 12:05:19 | INFO     | RS01SBPS-SF01A-4A-NUTNRA101: 11 wks, sci~98% [2s, peak 11.9 GiB]
2026-09-07 12:05:19 | INFO     | RS03AXPS-SF03A-4A-NUTNRA301: start
2026-09-07 12:05:21 | INFO     | RS03AXPS-SF03A-4A-NUTNRA301: 15 wks, sci~95% [2s, peak 11.9 GiB]
2026-09-07 12:05:21 | INFO     | CE04OSPS-SF01B-3C-PARADA102: start
2026-09-07 12:05:31 | INFO     | CE04OSPS-SF01B-3C-PARADA102: 10 wks, sci~21% [10s, peak 12.0 GiB]
2026-09-07 12:05:31 | INFO     | RS01SBPS-SF01A-3C-PARADA101: start
2026-09-07 12:05:48 | INFO     | RS01SBPS-SF01A-3C-PARADA101: 11 wks, sci~33% [17s, peak 28.1 GiB]
2026-09-07 12:05:48 | INFO     | RS03AXPS-SF03A-3C-PARADA301: start
2026-09-07 12:06:05 | INFO     | RS03AXPS-SF03A-3C-PARADA301: 14 wks, sci~33% [17s, peak 28.1 GiB]
2026-09-07 12:06:05 | INFO     | CE04OSPS-SF01B-4F-PCO2WA102: start
2026-09-07 12:06:07 | INFO     | CE04OSPS-SF01B-4F-PCO2WA102: 10 wks, sci~35% [2s, peak 28.1 GiB]
2026-09-07 12:06:07 | INFO     | CE04OSPS-PC01B-4D-PCO2WA105: start
2026-09-07 12:06:09 | INFO     | CE04OSPS-PC01B-4D-PCO2WA105: 15 wks, sci~100% [2s, peak 28.1 GiB]
2026-09-07 12:06:09 | INFO     | RS01SBPS-SF01A-4F-PCO2WA101: start
2026-09-07 12:06:11 | INFO     | RS01SBPS-SF01A-4F-PCO2WA101: 11 wks, sci~61% [2s, peak 28.1 GiB]
2026-09-07 12:06:11 | INFO     | RS03AXPS-SF03A-4F-PCO2WA301: start
2026-09-07 12:06:13 | INFO     | RS03AXPS-SF03A-4F-PCO2WA301: 15 wks, sci~74% [2s, peak 28.1 GiB]
2026-09-07 12:06:13 | INFO     | CE02SHBP-LJ01D-09-PCO2WB103: start
2026-09-07 12:06:15 | INFO     | CE02SHBP-LJ01D-09-PCO2WB103: 14 wks, sci~95% [2s, peak 28.1 GiB]
2026-09-07 12:06:15 | INFO     | CE04OSBP-LJ01C-09-PCO2WB104: start
2026-09-07 12:06:17 | INFO     | CE04OSBP-LJ01C-09-PCO2WB104: 14 wks, sci~92% [2s, peak 28.1 GiB]
2026-09-07 12:06:17 | INFO     | CE04OSPS-SF01B-2B-PHSENA108: start
2026-09-07 12:06:19 | INFO     | CE04OSPS-SF01B-2B-PHSENA108: 10 wks, sci~33% [2s, peak 28.1 GiB]
2026-09-07 12:06:19 | INFO     | CE04OSPS-PC01B-4B-PHSENA106: start
2026-09-07 12:06:21 | INFO     | CE04OSPS-PC01B-4B-PHSENA106: 0 wks (no data in window) [2s, peak 28.1 GiB]
2026-09-07 12:06:21 | INFO     | RS01SBPS-PC01A-4B-PHSENA102: start
2026-09-07 12:06:23 | INFO     | RS01SBPS-PC01A-4B-PHSENA102: 15 wks, sci~100% [2s, peak 28.1 GiB]
2026-09-07 12:06:23 | INFO     | RS01SBPS-SF01A-2D-PHSENA101: start
2026-09-07 12:06:25 | INFO     | RS01SBPS-SF01A-2D-PHSENA101: 11 wks, sci~98% [2s, peak 28.1 GiB]
2026-09-07 12:06:25 | INFO     | RS03AXPS-PC03A-4B-PHSENA302: start
2026-09-07 12:06:27 | INFO     | RS03AXPS-PC03A-4B-PHSENA302: 15 wks, sci~100% [2s, peak 28.1 GiB]
2026-09-07 12:06:27 | INFO     | RS03AXPS-SF03A-2D-PHSENA301: start
2026-09-07 12:06:29 | INFO     | RS03AXPS-SF03A-2D-PHSENA301: 15 wks, sci~99% [2s, peak 28.1 GiB]
2026-09-07 12:06:29 | INFO     | CE04OSPS-PC01B-4C-PHSENH109: start
2026-09-07 12:06:31 | WARNING  | CE04OSPS-PC01B-4C-PHSENH109: no QARTOD vars [1s, peak 28.1 GiB]
2026-09-07 12:06:31 | INFO     | CE02SHBP-LJ01D-10-PHSENH110: start
2026-09-07 12:06:32 | WARNING  | CE02SHBP-LJ01D-10-PHSENH110: no QARTOD vars [1s, peak 28.1 GiB]
2026-09-07 12:06:32 | INFO     | CE04OSBP-LJ01C-10-PHSEND107: start
2026-09-07 12:06:34 | INFO     | CE04OSBP-LJ01C-10-PHSEND107: 14 wks, sci~95% [2s, peak 28.1 GiB]
2026-09-07 12:06:34 | INFO     | CE04OSPS-SF01B-4B-VELPTD106: start
2026-09-07 12:06:41 | WARNING  | CE04OSPS-SF01B-4B-VELPTD106: no QARTOD vars [6s, peak 28.1 GiB]
2026-09-07 12:06:41 | INFO     | RS01SBPS-SF01A-4B-VELPTD102: start
2026-09-07 12:06:48 | WARNING  | RS01SBPS-SF01A-4B-VELPTD102: no QARTOD vars [7s, peak 28.1 GiB]
2026-09-07 12:06:48 | INFO     | RS03AXPS-SF03A-4B-VELPTD302: start
2026-09-07 12:06:56 | WARNING  | RS03AXPS-SF03A-4B-VELPTD302: no QARTOD vars [8s, peak 28.1 GiB]
2026-09-07 12:06:56 | INFO     | RS01SLBS-LJ01A-10-ADCPTE101: start
2026-09-07 12:07:03 | INFO     | RS01SLBS-LJ01A-10-ADCPTE101: 4 wks, sci~100% [7s, peak 28.1 GiB]
2026-09-07 12:07:03 | INFO     | RS01SUM2-MJ01B-12-ADCPSK101: start
2026-09-07 12:07:11 | INFO     | RS01SUM2-MJ01B-12-ADCPSK101: 15 wks, sci~100% [8s, peak 28.1 GiB]
2026-09-07 12:07:11 | INFO     | CE04OSBP-LJ01C-05-ADCPSI103: start
2026-09-07 12:07:19 | INFO     | CE04OSBP-LJ01C-05-ADCPSI103: 14 wks, sci~100% [8s, peak 28.1 GiB]
2026-09-07 12:07:19 | INFO     | CE02SHBP-LJ01D-05-ADCPTB104: start
2026-09-07 12:07:33 | INFO     | CE02SHBP-LJ01D-05-ADCPTB104: 14 wks, sci~100% [15s, peak 28.1 GiB]
2026-09-07 12:07:33 | INFO     | RS03AXBS-LJ03A-10-ADCPTE303: start
2026-09-07 12:07:44 | INFO     | RS03AXBS-LJ03A-10-ADCPTE303: 15 wks, sci~100% [10s, peak 28.1 GiB]
2026-09-07 12:07:44 | INFO     | RS03AXPS-PC03A-05-ADCPTD302: start
2026-09-07 12:07:58 | INFO     | RS03AXPS-PC03A-05-ADCPTD302: 15 wks, sci~100% [14s, peak 28.1 GiB]
2026-09-07 12:07:58 | INFO     | RS01SBPS-PC01A-05-ADCPTD102: start
2026-09-07 12:08:12 | INFO     | RS01SBPS-PC01A-05-ADCPTD102: 15 wks, sci~100% [14s, peak 28.1 GiB]
2026-09-07 12:08:12 | INFO     | RS03AXPS-PC03A-06-VADCPB301: start
2026-09-07 12:08:15 | WARNING  | RS03AXPS-PC03A-06-VADCPB301: no QARTOD vars [3s, peak 28.1 GiB]
2026-09-07 12:08:15 | INFO     | RS01SBPS-PC01A-06-VADCPB101: start
2026-09-07 12:08:19 | WARNING  | RS01SBPS-PC01A-06-VADCPB101: no QARTOD vars [3s, peak 28.1 GiB]
2026-09-07 12:08:19 | INFO     | RS03INT1-MJ03C-07-D1000A301: start
2026-09-07 12:08:24 | INFO     | RS03INT1-MJ03C-07-D1000A301: 14 wks, sci~100% [6s, peak 28.1 GiB]
2026-09-07 12:08:24 | INFO     | RS03INT1-MJ03C-10-TRHPHA301: start
2026-09-07 12:08:29 | INFO     | RS03INT1-MJ03C-10-TRHPHA301: 15 wks, sci~100% [5s, peak 28.1 GiB]
2026-09-07 12:08:29 | INFO     | RS03INT1-MJ03C-09-TRHPHA302: start
2026-09-07 12:08:32 | WARNING  | RS03INT1-MJ03C-09-TRHPHA302: no QARTOD vars [3s, peak 28.1 GiB]
2026-09-07 12:08:32 | INFO     | RS03AXBS-MJ03A-06-PRESTA301: start
2026-09-07 12:08:36 | INFO     | RS03AXBS-MJ03A-06-PRESTA301: 15 wks, sci~100% [5s, peak 28.1 GiB]
2026-09-07 12:08:36 | INFO     | RS01SLBS-MJ01A-06-PRESTA101: start
2026-09-07 12:08:47 | INFO     | RS01SLBS-MJ01A-06-PRESTA101: 15 wks, sci~100% [11s, peak 28.1 GiB]
2026-09-07 12:08:47 | INFO     | RS01SUM1-LJ01B-09-PRESTB102: start
2026-09-07 12:08:57 | INFO     | RS01SUM1-LJ01B-09-PRESTB102: 15 wks, sci~100% [10s, peak 28.1 GiB]
2026-09-07 12:08:57 | INFO     | RS03AXBS-LJ03A-05-HPIESA301: start
2026-09-07 12:08:59 | INFO     | RS03AXBS-LJ03A-05-HPIESA301: 0 wks (no data in window) [2s, peak 28.1 GiB]
2026-09-07 12:08:59 | INFO     | RS01SLBS-LJ01A-05-HPIESA101: start
2026-09-07 12:09:01 | INFO     | RS01SLBS-LJ01A-05-HPIESA101: 5 wks, sci~75% [2s, peak 28.1 GiB]
2026-09-07 12:09:01 | INFO     | RS03ASHS-MJ03B-07-TMPSFA301: start
2026-09-07 12:09:08 | INFO     | RS03ASHS-MJ03B-07-TMPSFA301: 15 wks, sci~100% [7s, peak 28.1 GiB]
2026-09-07 12:09:08 | INFO     | RS01SLBS-MJ01A-12-VEL3DB101: start
2026-09-07 12:09:25 | INFO     | RS01SLBS-MJ01A-12-VEL3DB101: 15 wks, sci~100% [17s, peak 28.1 GiB]
2026-09-07 12:09:25 | INFO     | RS01SUM1-LJ01B-12-VEL3DB104: start
2026-09-07 12:09:42 | INFO     | RS01SUM1-LJ01B-12-VEL3DB104: 15 wks, sci~100% [17s, peak 28.1 GiB]
2026-09-07 12:09:42 | INFO     | RS03AXBS-MJ03A-12-VEL3DB301: start
2026-09-07 12:09:58 | INFO     | RS03AXBS-MJ03A-12-VEL3DB301: 15 wks, sci~100% [16s, peak 28.1 GiB]
2026-09-07 12:09:58 | INFO     | RS03INT2-MJ03D-12-VEL3DB304: start
2026-09-07 12:10:14 | INFO     | RS03INT2-MJ03D-12-VEL3DB304: 15 wks, sci~100% [16s, peak 28.1 GiB]
2026-09-07 12:10:14 | INFO     | RS03ASHS-MJ03B-09-BOTPTA304: start
2026-09-07 12:10:15 | WARNING  | RS03ASHS-MJ03B-09-BOTPTA304: no QARTOD vars [1s, peak 28.1 GiB]
2026-09-07 12:10:15 | INFO     | RS03CCAL-MJ03F-05-BOTPTA301: start
2026-09-07 12:10:16 | WARNING  | RS03CCAL-MJ03F-05-BOTPTA301: no QARTOD vars [1s, peak 28.1 GiB]
2026-09-07 12:10:16 | INFO     | RS03ECAL-MJ03E-06-BOTPTA302: start
2026-09-07 12:10:17 | WARNING  | RS03ECAL-MJ03E-06-BOTPTA302: no QARTOD vars [1s, peak 28.1 GiB]
2026-09-07 12:10:17 | INFO     | RS03INT2-MJ03D-06-BOTPTA303: start
2026-09-07 12:10:18 | WARNING  | RS03INT2-MJ03D-06-BOTPTA303: no QARTOD vars [1s, peak 28.1 GiB]
2026-09-07 12:10:18 | INFO     | CE04OSBP-LJ01C-07-VEL3DC107: start
2026-09-07 12:12:00 | INFO     | CE04OSBP-LJ01C-07-VEL3DC107: 14 wks, sci~87% [102s, peak 28.1 GiB]
2026-09-07 12:12:00 | INFO     | CE02SHBP-LJ01D-07-VEL3DC108: start
2026-09-07 12:13:57 | INFO     | CE02SHBP-LJ01D-07-VEL3DC108: 14 wks, sci~84% [117s, peak 66.8 GiB]
2026-09-07 12:13:57 | INFO     | CE04OSPS-SF01B-3D-SPKIRA102: start
2026-09-07 12:14:20 | INFO     | CE04OSPS-SF01B-3D-SPKIRA102: 10 wks, sci~19% [22s, peak 66.8 GiB]
2026-09-07 12:14:20 | INFO     | RS01SBPS-SF01A-3D-SPKIRA101: start
2026-09-07 12:14:35 | INFO     | RS01SBPS-SF01A-3D-SPKIRA101: 11 wks, sci~46% [15s, peak 66.8 GiB]
2026-09-07 12:14:35 | INFO     | RS03AXPS-SF03A-3D-SPKIRA301: start
2026-09-07 12:15:05 | INFO     | RS03AXPS-SF03A-3D-SPKIRA301: 15 wks, sci~37% [30s, peak 66.8 GiB]
2026-09-07 12:15:05 | INFO     | scanned 74 zarr in 832s (60 with QARTOD)
2026-09-07 12:15:05 | SUCCESS  | wrote reports/2026-09-07/weekly_science.csv (60 instruments with QARTOD)
2026-09-07 12:15:05 | SUCCESS  | wrote reports/2026-09-07/kpi.csv (1568 instrument-weeks)
2026-09-07 12:15:05 | SUCCESS  | wrote reports/2026-09-07/kpi_pivot_technical.csv (112 instruments x 14 weeks)
2026-09-07 12:15:05 | SUCCESS  | wrote reports/2026-09-07/kpi_pivot_retention.csv (112 instruments x 14 weeks)
2026-09-07 12:15:05 | SUCCESS  | wrote reports/2026-09-07/kpi_pivot_science.csv (112 instruments x 14 weeks)
2026-09-07 12:15:07 | SUCCESS  | wrote reports/2026-09-07/kpi_heatmap_technical.png (113 instruments x 14 weeks)
2026-09-07 12:15:10 | SUCCESS  | wrote reports/2026-09-07/kpi_heatmap_retention.png (113 instruments x 14 weeks)
2026-09-07 12:15:11 | SUCCESS  | wrote reports/2026-09-07/kpi_heatmap_science.png (113 instruments x 14 weeks)
