2026-09-04 18:25:13 | INFO     | crawling 112 instruments over 20260601..20260904
2026-09-04 18:25:13 | INFO     | RS01SBPS-SF01A-2A-CTDPFA102: 77 days, 283,558,457 bytes [0.2s]
2026-09-04 18:25:13 | INFO     | RS03AXPS-PC03A-4A-CTDPFA303: 96 days, 438,418,394 bytes [0.2s]
2026-09-04 18:25:13 | INFO     | RS03ASHS-MJ03B-10-CTDPFB304: 96 days, 320,077,587 bytes [0.2s]
2026-09-04 18:25:13 | INFO     | RS03CCAL-MJ03F-12-CTDPFB305: 96 days, 320,916,438 bytes [0.2s]
2026-09-04 18:25:13 | INFO     | RS03AXBS-LJ03A-12-CTDPFB301: 96 days, 438,369,242 bytes [0.3s]
2026-09-04 18:25:13 | INFO     | RS01SLBS-LJ01A-12-CTDPFB101: 96 days, 436,722,855 bytes [0.3s]
2026-09-04 18:25:13 | INFO     | RS03AXPS-SF03A-2A-CTDPFA302: 96 days, 358,390,522 bytes [0.3s]
2026-09-04 18:25:13 | INFO     | RS01SBPS-PC01A-4A-CTDPFA103: 96 days, 438,405,082 bytes [0.3s]
2026-09-04 18:25:13 | INFO     | RS03AXPS-PC03A-4C-FLORDD303: 96 days, 517,182,851 bytes [0.3s]
2026-09-04 18:25:13 | INFO     | RS01SBPS-PC01A-4C-FLORDD103: 96 days, 517,272,348 bytes [0.3s]
2026-09-04 18:25:13 | INFO     | RS01SBPS-SF01A-3A-FLORTD101: 77 days, 406,037,270 bytes [0.1s]
2026-09-04 18:25:13 | INFO     | RS01SBPS-SF01A-4A-NUTNRA101: 76 days, 351,587,715 bytes [0.1s]
2026-09-04 18:25:13 | INFO     | RS03AXPS-SF03A-3A-FLORTD301: 96 days, 527,880,325 bytes [0.1s]
2026-09-04 18:25:13 | INFO     | RS01SBPS-SF01A-3C-PARADA101: 76 days, 787,585,433 bytes [0.1s]
2026-09-04 18:25:13 | INFO     | RS03AXPS-SF03A-4A-NUTNRA301: 95 days, 542,008,894 bytes [0.1s]
2026-09-04 18:25:13 | INFO     | RS03AXPS-SF03A-3C-PARADA301: 96 days, 995,458,457 bytes [0.1s]
2026-09-04 18:25:13 | INFO     | RS01SBPS-SF01A-4F-PCO2WA101: 76 days, 353,521 bytes [0.1s]
2026-09-04 18:25:13 | INFO     | CE04OSPS-PC01B-4B-PHSENA106: 0 days, 0 bytes [0.0s]
2026-09-04 18:25:13 | INFO     | CE04OSPS-SF01B-4F-PCO2WA102: 64 days, 301,228 bytes [0.2s]
2026-09-04 18:25:13 | INFO     | RS03AXPS-SF03A-4F-PCO2WA301: 95 days, 426,152 bytes [0.1s]
2026-09-04 18:25:13 | INFO     | RS01SBPS-SF01A-2D-PHSENA101: 76 days, 2,369,131 bytes [0.1s]
2026-09-04 18:25:13 | INFO     | RS01SBPS-PC01A-4B-PHSENA102: 96 days, 2,530,406 bytes [0.1s]
2026-09-04 18:25:13 | INFO     | RS03AXPS-PC03A-4B-PHSENA302: 96 days, 2,530,406 bytes [0.1s]
2026-09-04 18:25:13 | INFO     | CE04OSPS-PC01B-4D-PCO2WA105: 96 days, 945,190 bytes [0.3s]
2026-09-04 18:25:14 | INFO     | CE02SHBP-LJ01D-09-PCO2WB103: 96 days, 972,328 bytes [0.3s]
2026-09-04 18:25:14 | INFO     | CE04OSBP-LJ01C-09-PCO2WB104: 96 days, 967,534 bytes [0.3s]
2026-09-04 18:25:14 | INFO     | RS03AXPS-SF03A-2D-PHSENA301: 95 days, 2,854,912 bytes [0.1s]
2026-09-04 18:25:14 | INFO     | RS01SBPS-SF01A-4B-VELPTD102: 77 days, 377,934,379 bytes [0.1s]
2026-09-04 18:25:14 | INFO     | RS03AXPS-SF03A-4B-VELPTD302: 96 days, 477,853,006 bytes [0.1s]
2026-09-04 18:25:14 | INFO     | RS01SLBS-LJ01A-10-ADCPTE101: 25 days, 2,174,327,193 bytes [0.1s]
2026-09-04 18:25:14 | INFO     | RS01SUM2-MJ01B-12-ADCPSK101: 96 days, 8,966,478,233 bytes [0.1s]
2026-09-04 18:25:14 | INFO     | CE02SHBP-LJ01D-06-CTDBPN106: 27 days, 115,458,038 bytes [1.2s]
2026-09-04 18:25:14 | INFO     | RS03AXBS-LJ03A-10-ADCPTE303: 96 days, 8,966,583,091 bytes [0.1s]
2026-09-04 18:25:14 | INFO     | RS03AXPS-PC03A-05-ADCPTD302: 96 days, 8,967,631,667 bytes [0.1s]
2026-09-04 18:25:14 | INFO     | RS01SBPS-PC01A-05-ADCPTD102: 96 days, 8,967,317,094 bytes [0.1s]
2026-09-04 18:25:14 | INFO     | CE04OSPS-SF01B-4A-NUTNRA102: 64 days, 324,009,959 bytes [1.3s]
2026-09-04 18:25:14 | INFO     | CE04OSPS-SF01B-2B-PHSENA108: 64 days, 2,020,352 bytes [1.1s]
2026-09-04 18:25:14 | INFO     | RS03AXPS-PC03A-06-VADCPB301: 96 days, 29,468,341,043 bytes [0.1s]
2026-09-04 18:25:14 | INFO     | RS01SBPS-PC01A-06-VADCPB101: 96 days, 29,816,677,990 bytes [0.1s]
2026-09-04 18:25:15 | INFO     | RS03INT1-MJ03C-07-D1000A301: 96 days, 288,277,876 bytes [0.2s]
2026-09-04 18:25:15 | INFO     | RS03INT1-MJ03C-09-TRHPHA302: 96 days, 76,266,188 bytes [0.1s]
2026-09-04 18:25:15 | INFO     | RS03INT1-MJ03C-10-TRHPHA301: 96 days, 80,450,048 bytes [0.1s]
2026-09-04 18:25:15 | INFO     | RS03AXBS-MJ03A-06-PRESTA301: 96 days, 99,629,056 bytes [0.1s]
2026-09-04 18:25:15 | INFO     | RS01SLBS-MJ01A-06-PRESTA101: 96 days, 1,893,104,640 bytes [0.1s]
2026-09-04 18:25:15 | INFO     | RS03AXBS-LJ03A-05-HPIESA301: 0 days, 0 bytes [0.0s]
2026-09-04 18:25:15 | INFO     | RS01SUM1-LJ01B-09-PRESTB102: 96 days, 1,494,417,408 bytes [0.1s]
2026-09-04 18:25:15 | INFO     | CE04OSPS-SF01B-3A-FLORTD104: 64 days, 347,393,216 bytes [1.7s]
2026-09-04 18:25:15 | INFO     | RS03ASHS-MJ03B-07-TMPSFA301: 96 days, 209,225,671 bytes [0.1s]
2026-09-04 18:25:15 | INFO     | RS01SLBS-LJ01A-05-HPIESA101: 96 days, 594,549,961 bytes [0.1s]
2026-09-04 18:25:15 | INFO     | RS01SLBS-MJ01A-12-VEL3DB101: 96 days, 916,664,301 bytes [0.1s]
2026-09-04 18:25:15 | INFO     | RS01SUM1-LJ01B-12-VEL3DB104: 96 days, 916,576,237 bytes [0.1s]
2026-09-04 18:25:15 | INFO     | CE04OSPS-SF01B-3C-PARADA102: 64 days, 668,257,484 bytes [1.8s]
2026-09-04 18:25:15 | INFO     | RS03AXBS-MJ03A-12-VEL3DB301: 96 days, 916,590,573 bytes [0.1s]
2026-09-04 18:25:15 | INFO     | RS03ASHS-MJ03B-09-BOTPTA304: 96 days, 1,594,153,984 bytes [0.1s]
2026-09-04 18:25:15 | INFO     | CE04OSBP-LJ01C-10-PHSEND107: 96 days, 2,555,904 bytes [1.5s]
2026-09-04 18:25:15 | INFO     | CE04OSPS-SF01B-2A-CTDPFA107: 64 days, 240,543,296 bytes [2.1s]
2026-09-04 18:25:15 | INFO     | RS03CCAL-MJ03F-05-BOTPTA301: 96 days, 1,584,611,942 bytes [0.1s]
2026-09-04 18:25:15 | INFO     | RS03AXPS-SF03A-3B-OPTAAD301: 95 days, 2,390,753,280 bytes [0.1s]
2026-09-04 18:25:15 | INFO     | CE02SHBP-LJ01D-10-PHSENH110: 96 days, 1,944,797 bytes [1.7s]
2026-09-04 18:25:15 | INFO     | CE04OSPS-PC01B-4C-PHSENH109: 96 days, 1,952,375 bytes [1.7s]
2026-09-04 18:25:15 | INFO     | CE04OSPS-SF01B-4B-VELPTD106: 64 days, 320,759,348 bytes [1.6s]
2026-09-04 18:25:15 | INFO     | RS01SBPS-SF01A-3B-OPTAAD101: 76 days, 1,977,614,336 bytes [0.1s]
2026-09-04 18:25:15 | INFO     | RS01SLBS-LJ01A-11-OPTAAC103: 87 days, 1,087,362,658 bytes [0.1s]
2026-09-04 18:25:15 | INFO     | RS03AXBS-LJ03A-11-OPTAAC303: 96 days, 1,195,901,952 bytes [0.1s]
2026-09-04 18:25:15 | INFO     | RS01SBPS-SF01A-3D-SPKIRA101: 77 days, 1,969,750,034 bytes [0.1s]
2026-09-04 18:25:16 | INFO     | RS03AXPS-SF03A-3D-SPKIRA301: 96 days, 2,488,907,776 bytes [0.1s]
2026-09-04 18:25:16 | INFO     | CE02SHBP-LJ01D-08-OPTAAD106: 27 days, 343,020,953 bytes [0.5s]
2026-09-04 18:25:16 | INFO     | CE04OSPS-PC01B-4A-CTDPFA109: 96 days, 438,307,392 bytes [2.9s]
2026-09-04 18:25:16 | INFO     | RS03ECAL-MJ03E-12-CTDPFB306: 96 days, 327,941,864 bytes [3.0s]
2026-09-04 18:25:16 | INFO     | RS03INT2-MJ03D-11-CTDPFB307: 96 days, 318,504,725 bytes [3.1s]
2026-09-04 18:25:16 | INFO     | CE04OSBP-LJ01C-06-CTDBPO108: 96 days, 433,015,360 bytes [3.1s]
2026-09-04 18:25:16 | INFO     | CE02SHBP-LJ01D-05-ADCPTB104: 96 days, 9,148,091,596 bytes [2.5s]
2026-09-04 18:25:16 | INFO     | CE04OSPS-SF01B-3B-OPTAAD105: 64 days, 1,598,029,824 bytes [1.3s]
2026-09-04 18:25:16 | INFO     | CE04OSPS-SF01B-3D-SPKIRA102: 64 days, 1,670,381,568 bytes [1.2s]
2026-09-04 18:25:17 | INFO     | CE04OSBP-LJ01C-05-ADCPSI103: 96 days, 8,947,603,865 bytes [2.8s]
2026-09-04 18:25:17 | INFO     | CE04OSBP-LJ01C-08-OPTAAC104: 96 days, 1,270,367,232 bytes [1.9s]
2026-09-04 18:25:17 | INFO     | RS03ECAL-MJ03E-06-BOTPTA302: 96 days, 10,162,798,592 bytes [2.2s]
2026-09-04 18:25:17 | INFO     | RS03INT2-MJ03D-12-VEL3DB304: 96 days, 916,603,885 bytes [2.4s]
2026-09-04 18:25:17 | INFO     | CE04OSBP-LJ01C-07-VEL3DC107: 96 days, 2,982,544,384 bytes [2.5s]
2026-09-04 18:25:18 | INFO     | RS01SLBS-MJ01A-05-HYDLFA101: 0 days, 0 bytes [0.1s]
2026-09-04 18:25:18 | INFO     | RS03INT2-MJ03D-06-BOTPTA303: 96 days, 1,594,153,984 bytes [2.6s]
2026-09-04 18:25:18 | INFO     | RS01SUM1-LJ01B-05-HYDLFA104: 0 days, 0 bytes [0.0s]
2026-09-04 18:25:18 | INFO     | CE02SHBP-MJ01C-08-CAMDSB107: 26 days, 74,998,349,824 bytes [1.9s]
2026-09-04 18:25:18 | INFO     | RS03AXBS-MJ03A-05-HYDLFA301: 0 days, 0 bytes [0.1s]
2026-09-04 18:25:18 | INFO     | CE02SHBP-LJ01D-07-VEL3DC108: 96 days, 2,983,636,992 bytes [2.7s]
2026-09-04 18:25:18 | INFO     | RS03ECAL-MJ03E-09-HYDLFA304: 0 days, 0 bytes [0.1s]
2026-09-04 18:25:18 | INFO     | RS03CCAL-MJ03F-06-HYDLFA305: 0 days, 0 bytes [0.1s]
2026-09-04 18:25:18 | INFO     | RS01SUM1-LJ01B-05-OBSBBA101: 0 days, 0 bytes [0.0s]
2026-09-04 18:25:18 | INFO     | RS01SLBS-MJ01A-05-OBSBBA102: 0 days, 0 bytes [0.0s]
2026-09-04 18:25:18 | INFO     | RS03AXBS-MJ03A-05-OBSBBA303: 0 days, 0 bytes [0.0s]
2026-09-04 18:25:18 | INFO     | RS03CCAL-MJ03F-06-OBSBBA301: 0 days, 0 bytes [0.0s]
2026-09-04 18:25:18 | INFO     | RS03ECAL-MJ03E-09-OBSBBA302: 0 days, 0 bytes [0.1s]
2026-09-04 18:25:18 | INFO     | RS01SUM1-LJ01B-06-OBSSPA103: 0 days, 0 bytes [0.2s]
2026-09-04 18:25:18 | INFO     | RS01SUM1-LJ01B-08-OBSSPA101: 0 days, 0 bytes [0.0s]
2026-09-04 18:25:18 | INFO     | RS01SUM1-LJ01B-07-OBSSPA102: 0 days, 0 bytes [0.1s]
2026-09-04 18:25:18 | INFO     | RS03ASHS-MJ03B-05-OBSSPA302: 0 days, 0 bytes [0.0s]
2026-09-04 18:25:18 | INFO     | RS03ASHS-MJ03B-06-OBSSPA301: 0 days, 0 bytes [0.0s]
2026-09-04 18:25:18 | INFO     | RS03ECAL-MJ03E-08-OBSSPA304: 0 days, 0 bytes [0.0s]
2026-09-04 18:25:18 | INFO     | RS03ECAL-MJ03E-05-OBSSPA303: 0 days, 0 bytes [0.0s]
2026-09-04 18:25:18 | INFO     | RS03INT2-MJ03D-05-OBSSPA305: 0 days, 0 bytes [0.1s]
2026-09-04 18:25:22 | INFO     | CE04OSBP-LJ01C-11-HYDBBA105: 26 days, 251,119,007,918 bytes [5.6s]
2026-09-04 18:25:23 | INFO     | RS03ASHS-PN03B-06-CAMHDA301: 96 days, 18,306,911,667,676 bytes [6.4s]
2026-09-04 18:25:24 | INFO     | RS01SBPS-PC01A-07-CAMDSC102: 94 days, 301,046,296,779 bytes [8.7s]
2026-09-04 18:25:25 | INFO     | CE04OSBP-LV01C-06-CAMDSB106: 95 days, 129,966,794,533 bytes [9.4s]
2026-09-04 18:25:26 | INFO     | RS01SUM2-MJ01B-05-CAMDSB103: 96 days, 107,490,358,364 bytes [9.7s]
2026-09-04 18:25:26 | INFO     | RS03AXPS-PC03A-07-CAMDSC302: 96 days, 317,278,126,080 bytes [9.8s]
2026-09-04 18:25:26 | INFO     | RS03INT1-MJ03C-05-CAMDSB303: 96 days, 133,393,332,586 bytes [9.8s]
2026-09-04 18:25:30 | INFO     | CE02SHBP-LJ01D-11-HYDBBA106: 96 days, 669,488,871,438 bytes [13.8s]
2026-09-04 18:25:31 | INFO     | RS01SBPS-PC01A-08-HYDBBA103: 96 days, 937,110,412,017 bytes [14.1s]
2026-09-04 18:25:31 | INFO     | RS01SLBS-LJ01A-09-HYDBBA102: 96 days, 641,847,065,869 bytes [13.7s]
2026-09-04 18:25:31 | INFO     | RS03AXBS-LJ03A-09-HYDBBA302: 96 days, 850,507,499,644 bytes [13.8s]
2026-09-04 18:25:31 | INFO     | RS03AXPS-PC03A-08-HYDBBA303: 96 days, 938,220,448,846 bytes [13.8s]
2026-09-04 18:25:31 | INFO     | crawled 112 instruments in 18s (0.2s each)
2026-09-04 18:25:31 | INFO     | 13 complete weeks in window: 2026-06-08..2026-08-31
2026-09-04 18:25:31 | SUCCESS  | wrote reports/2026-09-04/weekly_delivery.csv (112 instruments x 13 weeks)
2026-09-04 18:25:32 | INFO     | flox 0.11.2 present, use_flox forced on
2026-09-04 18:25:32 | WARNING  | RS03AXPS-SF03A-3B-OPTAAD301: skipped (store mid-regeneration, see REGENERATING)
2026-09-04 18:25:32 | WARNING  | CE04OSPS-SF01B-3B-OPTAAD105: skipped (store mid-regeneration, see REGENERATING)
2026-09-04 18:25:32 | WARNING  | RS01SBPS-SF01A-3B-OPTAAD101: skipped (store mid-regeneration, see REGENERATING)
2026-09-04 18:25:32 | WARNING  | RS01SLBS-LJ01A-11-OPTAAC103: skipped (store mid-regeneration, see REGENERATING)
2026-09-04 18:25:32 | WARNING  | CE04OSBP-LJ01C-08-OPTAAC104: skipped (store mid-regeneration, see REGENERATING)
2026-09-04 18:25:32 | WARNING  | RS03AXBS-LJ03A-11-OPTAAC303: skipped (store mid-regeneration, see REGENERATING)
2026-09-04 18:25:32 | WARNING  | CE02SHBP-LJ01D-08-OPTAAD106: skipped (store mid-regeneration, see REGENERATING)
2026-09-04 18:25:32 | INFO     | C2: scanning QARTOD in 74 zarr datasets over 2026-06-01..2026-09-04
2026-09-04 18:25:32 | INFO     | CE02SHBP-LJ01D-06-CTDBPN106: start
2026-09-04 18:25:42 | INFO     | CE02SHBP-LJ01D-06-CTDBPN106: 3 wks, sci~100% [10s, peak 10.1 GiB]
2026-09-04 18:25:42 | INFO     | CE04OSBP-LJ01C-06-CTDBPO108: start
2026-09-04 18:25:59 | INFO     | CE04OSBP-LJ01C-06-CTDBPO108: 13 wks, sci~100% [17s, peak 11.5 GiB]
2026-09-04 18:25:59 | INFO     | RS01SLBS-LJ01A-12-CTDPFB101: start
2026-09-04 18:26:15 | INFO     | RS01SLBS-LJ01A-12-CTDPFB101: 13 wks, sci~100% [16s, peak 11.8 GiB]
2026-09-04 18:26:15 | INFO     | RS03AXBS-LJ03A-12-CTDPFB301: start
2026-09-04 18:26:32 | INFO     | RS03AXBS-LJ03A-12-CTDPFB301: 14 wks, sci~100% [17s, peak 11.9 GiB]
2026-09-04 18:26:32 | INFO     | RS03ASHS-MJ03B-10-CTDPFB304: start
2026-09-04 18:26:46 | INFO     | RS03ASHS-MJ03B-10-CTDPFB304: 13 wks, sci~100% [13s, peak 11.9 GiB]
2026-09-04 18:26:46 | INFO     | RS03CCAL-MJ03F-12-CTDPFB305: start
2026-09-04 18:26:57 | INFO     | RS03CCAL-MJ03F-12-CTDPFB305: 13 wks, sci~100% [11s, peak 11.9 GiB]
2026-09-04 18:26:57 | INFO     | RS03ECAL-MJ03E-12-CTDPFB306: start
2026-09-04 18:27:08 | INFO     | RS03ECAL-MJ03E-12-CTDPFB306: 13 wks, sci~100% [12s, peak 11.9 GiB]
2026-09-04 18:27:08 | INFO     | RS03INT2-MJ03D-11-CTDPFB307: start
2026-09-04 18:27:20 | INFO     | RS03INT2-MJ03D-11-CTDPFB307: 13 wks, sci~100% [11s, peak 11.9 GiB]
2026-09-04 18:27:20 | INFO     | RS01SBPS-PC01A-4A-CTDPFA103: start
2026-09-04 18:27:37 | INFO     | RS01SBPS-PC01A-4A-CTDPFA103: 14 wks, sci~100% [17s, peak 11.9 GiB]
2026-09-04 18:27:37 | INFO     | CE04OSPS-PC01B-4A-CTDPFA109: start
2026-09-04 18:27:53 | INFO     | CE04OSPS-PC01B-4A-CTDPFA109: 14 wks, sci~100% [17s, peak 11.9 GiB]
2026-09-04 18:27:53 | INFO     | RS03AXPS-PC03A-4A-CTDPFA303: start
2026-09-04 18:28:12 | INFO     | RS03AXPS-PC03A-4A-CTDPFA303: 14 wks, sci~100% [18s, peak 11.9 GiB]
2026-09-04 18:28:12 | INFO     | RS01SBPS-SF01A-2A-CTDPFA102: start
2026-09-04 18:28:25 | INFO     | RS01SBPS-SF01A-2A-CTDPFA102: 11 wks, sci~100% [14s, peak 11.9 GiB]
2026-09-04 18:28:25 | INFO     | CE04OSPS-SF01B-2A-CTDPFA107: start
2026-09-04 18:28:38 | INFO     | CE04OSPS-SF01B-2A-CTDPFA107: 10 wks, sci~100% [13s, peak 11.9 GiB]
2026-09-04 18:28:38 | INFO     | RS03AXPS-SF03A-2A-CTDPFA302: start
2026-09-04 18:28:53 | INFO     | RS03AXPS-SF03A-2A-CTDPFA302: 14 wks, sci~100% [15s, peak 11.9 GiB]
2026-09-04 18:28:53 | INFO     | RS01SBPS-PC01A-4C-FLORDD103: start
2026-09-04 18:29:03 | INFO     | RS01SBPS-PC01A-4C-FLORDD103: 14 wks, sci~100% [10s, peak 11.9 GiB]
2026-09-04 18:29:03 | INFO     | RS03AXPS-PC03A-4C-FLORDD303: start
2026-09-04 18:29:14 | INFO     | RS03AXPS-PC03A-4C-FLORDD303: 14 wks, sci~100% [11s, peak 11.9 GiB]
2026-09-04 18:29:14 | INFO     | CE04OSPS-SF01B-3A-FLORTD104: start
2026-09-04 18:29:26 | INFO     | CE04OSPS-SF01B-3A-FLORTD104: 10 wks, sci~71% [12s, peak 11.9 GiB]
2026-09-04 18:29:26 | INFO     | RS01SBPS-SF01A-3A-FLORTD101: start
2026-09-04 18:29:35 | INFO     | RS01SBPS-SF01A-3A-FLORTD101: 11 wks, sci~100% [9s, peak 11.9 GiB]
2026-09-04 18:29:35 | INFO     | RS03AXPS-SF03A-3A-FLORTD301: start
2026-09-04 18:29:47 | INFO     | RS03AXPS-SF03A-3A-FLORTD301: 14 wks, sci~82% [13s, peak 11.9 GiB]
2026-09-04 18:29:47 | INFO     | CE04OSPS-SF01B-4A-NUTNRA102: start
2026-09-04 18:29:51 | INFO     | CE04OSPS-SF01B-4A-NUTNRA102: 10 wks, sci~100% [4s, peak 11.9 GiB]
2026-09-04 18:29:51 | INFO     | RS01SBPS-SF01A-4A-NUTNRA101: start
2026-09-04 18:29:54 | INFO     | RS01SBPS-SF01A-4A-NUTNRA101: 11 wks, sci~98% [3s, peak 11.9 GiB]
2026-09-04 18:29:54 | INFO     | RS03AXPS-SF03A-4A-NUTNRA301: start
2026-09-04 18:29:57 | INFO     | RS03AXPS-SF03A-4A-NUTNRA301: 14 wks, sci~95% [3s, peak 11.9 GiB]
2026-09-04 18:29:57 | INFO     | CE04OSPS-SF01B-3C-PARADA102: start
2026-09-04 18:30:11 | INFO     | CE04OSPS-SF01B-3C-PARADA102: 10 wks, sci~21% [14s, peak 11.9 GiB]
2026-09-04 18:30:11 | INFO     | RS01SBPS-SF01A-3C-PARADA101: start
2026-09-04 18:30:30 | INFO     | RS01SBPS-SF01A-3C-PARADA101: 11 wks, sci~33% [18s, peak 28.0 GiB]
2026-09-04 18:30:30 | INFO     | RS03AXPS-SF03A-3C-PARADA301: start
2026-09-04 18:30:49 | INFO     | RS03AXPS-SF03A-3C-PARADA301: 14 wks, sci~33% [19s, peak 28.0 GiB]
2026-09-04 18:30:49 | INFO     | CE04OSPS-SF01B-4F-PCO2WA102: start
2026-09-04 18:30:51 | INFO     | CE04OSPS-SF01B-4F-PCO2WA102: 10 wks, sci~35% [2s, peak 28.0 GiB]
2026-09-04 18:30:51 | INFO     | CE04OSPS-PC01B-4D-PCO2WA105: start
2026-09-04 18:30:53 | INFO     | CE04OSPS-PC01B-4D-PCO2WA105: 14 wks, sci~100% [2s, peak 28.0 GiB]
2026-09-04 18:30:53 | INFO     | RS01SBPS-SF01A-4F-PCO2WA101: start
2026-09-04 18:30:55 | INFO     | RS01SBPS-SF01A-4F-PCO2WA101: 11 wks, sci~61% [2s, peak 28.0 GiB]
2026-09-04 18:30:55 | INFO     | RS03AXPS-SF03A-4F-PCO2WA301: start
2026-09-04 18:30:57 | INFO     | RS03AXPS-SF03A-4F-PCO2WA301: 14 wks, sci~76% [2s, peak 28.0 GiB]
2026-09-04 18:30:57 | INFO     | CE02SHBP-LJ01D-09-PCO2WB103: start
2026-09-04 18:31:00 | INFO     | CE02SHBP-LJ01D-09-PCO2WB103: 13 wks, sci~94% [2s, peak 28.0 GiB]
2026-09-04 18:31:00 | INFO     | CE04OSBP-LJ01C-09-PCO2WB104: start
2026-09-04 18:31:02 | INFO     | CE04OSBP-LJ01C-09-PCO2WB104: 13 wks, sci~91% [2s, peak 28.0 GiB]
2026-09-04 18:31:02 | INFO     | CE04OSPS-SF01B-2B-PHSENA108: start
2026-09-04 18:31:04 | INFO     | CE04OSPS-SF01B-2B-PHSENA108: 10 wks, sci~33% [2s, peak 28.0 GiB]
2026-09-04 18:31:04 | INFO     | CE04OSPS-PC01B-4B-PHSENA106: start
2026-09-04 18:31:06 | INFO     | CE04OSPS-PC01B-4B-PHSENA106: 0 wks (no data in window) [2s, peak 28.0 GiB]
2026-09-04 18:31:06 | INFO     | RS01SBPS-PC01A-4B-PHSENA102: start
2026-09-04 18:31:09 | INFO     | RS01SBPS-PC01A-4B-PHSENA102: 14 wks, sci~100% [2s, peak 28.0 GiB]
2026-09-04 18:31:09 | INFO     | RS01SBPS-SF01A-2D-PHSENA101: start
2026-09-04 18:31:11 | INFO     | RS01SBPS-SF01A-2D-PHSENA101: 11 wks, sci~98% [2s, peak 28.0 GiB]
2026-09-04 18:31:11 | INFO     | RS03AXPS-PC03A-4B-PHSENA302: start
2026-09-04 18:31:13 | INFO     | RS03AXPS-PC03A-4B-PHSENA302: 14 wks, sci~100% [2s, peak 28.0 GiB]
2026-09-04 18:31:13 | INFO     | RS03AXPS-SF03A-2D-PHSENA301: start
2026-09-04 18:31:15 | INFO     | RS03AXPS-SF03A-2D-PHSENA301: 14 wks, sci~99% [2s, peak 28.0 GiB]
2026-09-04 18:31:15 | INFO     | CE04OSPS-PC01B-4C-PHSENH109: start
2026-09-04 18:31:17 | WARNING  | CE04OSPS-PC01B-4C-PHSENH109: no QARTOD vars [2s, peak 28.0 GiB]
2026-09-04 18:31:17 | INFO     | CE02SHBP-LJ01D-10-PHSENH110: start
2026-09-04 18:31:18 | WARNING  | CE02SHBP-LJ01D-10-PHSENH110: no QARTOD vars [2s, peak 28.0 GiB]
2026-09-04 18:31:18 | INFO     | CE04OSBP-LJ01C-10-PHSEND107: start
2026-09-04 18:31:20 | INFO     | CE04OSBP-LJ01C-10-PHSEND107: 13 wks, sci~94% [2s, peak 28.0 GiB]
2026-09-04 18:31:20 | INFO     | CE04OSPS-SF01B-4B-VELPTD106: start
2026-09-04 18:31:29 | WARNING  | CE04OSPS-SF01B-4B-VELPTD106: no QARTOD vars [8s, peak 28.0 GiB]
2026-09-04 18:31:29 | INFO     | RS01SBPS-SF01A-4B-VELPTD102: start
2026-09-04 18:31:37 | WARNING  | RS01SBPS-SF01A-4B-VELPTD102: no QARTOD vars [9s, peak 28.0 GiB]
2026-09-04 18:31:37 | INFO     | RS03AXPS-SF03A-4B-VELPTD302: start
2026-09-04 18:31:46 | WARNING  | RS03AXPS-SF03A-4B-VELPTD302: no QARTOD vars [9s, peak 28.0 GiB]
2026-09-04 18:31:46 | INFO     | RS01SLBS-LJ01A-10-ADCPTE101: start
2026-09-04 18:31:54 | INFO     | RS01SLBS-LJ01A-10-ADCPTE101: 3 wks, sci~100% [8s, peak 28.0 GiB]
2026-09-04 18:31:54 | INFO     | RS01SUM2-MJ01B-12-ADCPSK101: start
2026-09-04 18:32:02 | INFO     | RS01SUM2-MJ01B-12-ADCPSK101: 14 wks, sci~100% [8s, peak 28.0 GiB]
2026-09-04 18:32:02 | INFO     | CE04OSBP-LJ01C-05-ADCPSI103: start
2026-09-04 18:32:10 | INFO     | CE04OSBP-LJ01C-05-ADCPSI103: 13 wks, sci~100% [9s, peak 28.0 GiB]
2026-09-04 18:32:10 | INFO     | CE02SHBP-LJ01D-05-ADCPTB104: start
2026-09-04 18:32:26 | INFO     | CE02SHBP-LJ01D-05-ADCPTB104: 13 wks, sci~100% [16s, peak 28.0 GiB]
2026-09-04 18:32:26 | INFO     | RS03AXBS-LJ03A-10-ADCPTE303: start
2026-09-04 18:32:38 | INFO     | RS03AXBS-LJ03A-10-ADCPTE303: 14 wks, sci~100% [12s, peak 28.0 GiB]
2026-09-04 18:32:38 | INFO     | RS03AXPS-PC03A-05-ADCPTD302: start
2026-09-04 18:32:53 | INFO     | RS03AXPS-PC03A-05-ADCPTD302: 14 wks, sci~100% [15s, peak 28.0 GiB]
2026-09-04 18:32:53 | INFO     | RS01SBPS-PC01A-05-ADCPTD102: start
2026-09-04 18:33:07 | INFO     | RS01SBPS-PC01A-05-ADCPTD102: 14 wks, sci~100% [14s, peak 28.0 GiB]
2026-09-04 18:33:07 | INFO     | RS03AXPS-PC03A-06-VADCPB301: start
2026-09-04 18:33:10 | WARNING  | RS03AXPS-PC03A-06-VADCPB301: no QARTOD vars [4s, peak 28.0 GiB]
2026-09-04 18:33:10 | INFO     | RS01SBPS-PC01A-06-VADCPB101: start
2026-09-04 18:33:15 | WARNING  | RS01SBPS-PC01A-06-VADCPB101: no QARTOD vars [5s, peak 28.0 GiB]
2026-09-04 18:33:15 | INFO     | RS03INT1-MJ03C-07-D1000A301: start
2026-09-04 18:33:20 | INFO     | RS03INT1-MJ03C-07-D1000A301: 13 wks, sci~100% [5s, peak 28.0 GiB]
2026-09-04 18:33:20 | INFO     | RS03INT1-MJ03C-10-TRHPHA301: start
2026-09-04 18:33:26 | INFO     | RS03INT1-MJ03C-10-TRHPHA301: 14 wks, sci~100% [5s, peak 28.0 GiB]
2026-09-04 18:33:26 | INFO     | RS03INT1-MJ03C-09-TRHPHA302: start
2026-09-04 18:33:28 | WARNING  | RS03INT1-MJ03C-09-TRHPHA302: no QARTOD vars [3s, peak 28.0 GiB]
2026-09-04 18:33:28 | INFO     | RS03AXBS-MJ03A-06-PRESTA301: start
2026-09-04 18:33:34 | INFO     | RS03AXBS-MJ03A-06-PRESTA301: 14 wks, sci~100% [6s, peak 28.0 GiB]
2026-09-04 18:33:34 | INFO     | RS01SLBS-MJ01A-06-PRESTA101: start
2026-09-04 18:33:48 | INFO     | RS01SLBS-MJ01A-06-PRESTA101: 14 wks, sci~100% [13s, peak 28.0 GiB]
2026-09-04 18:33:48 | INFO     | RS01SUM1-LJ01B-09-PRESTB102: start
2026-09-04 18:33:59 | INFO     | RS01SUM1-LJ01B-09-PRESTB102: 14 wks, sci~100% [11s, peak 28.0 GiB]
2026-09-04 18:33:59 | INFO     | RS03AXBS-LJ03A-05-HPIESA301: start
2026-09-04 18:34:01 | INFO     | RS03AXBS-LJ03A-05-HPIESA301: 0 wks (no data in window) [2s, peak 28.0 GiB]
2026-09-04 18:34:01 | INFO     | RS01SLBS-LJ01A-05-HPIESA101: start
2026-09-04 18:34:03 | INFO     | RS01SLBS-LJ01A-05-HPIESA101: 4 wks, sci~75% [2s, peak 28.0 GiB]
2026-09-04 18:34:03 | INFO     | RS03ASHS-MJ03B-07-TMPSFA301: start
2026-09-04 18:34:10 | INFO     | RS03ASHS-MJ03B-07-TMPSFA301: 14 wks, sci~100% [7s, peak 28.0 GiB]
2026-09-04 18:34:10 | INFO     | RS01SLBS-MJ01A-12-VEL3DB101: start
2026-09-04 18:34:26 | INFO     | RS01SLBS-MJ01A-12-VEL3DB101: 14 wks, sci~100% [16s, peak 28.0 GiB]
2026-09-04 18:34:26 | INFO     | RS01SUM1-LJ01B-12-VEL3DB104: start
2026-09-04 18:34:42 | INFO     | RS01SUM1-LJ01B-12-VEL3DB104: 14 wks, sci~100% [16s, peak 28.0 GiB]
2026-09-04 18:34:42 | INFO     | RS03AXBS-MJ03A-12-VEL3DB301: start
2026-09-04 18:34:58 | INFO     | RS03AXBS-MJ03A-12-VEL3DB301: 14 wks, sci~100% [16s, peak 28.0 GiB]
2026-09-04 18:34:58 | INFO     | RS03INT2-MJ03D-12-VEL3DB304: start
2026-09-04 18:35:14 | INFO     | RS03INT2-MJ03D-12-VEL3DB304: 14 wks, sci~100% [16s, peak 28.0 GiB]
2026-09-04 18:35:14 | INFO     | RS03ASHS-MJ03B-09-BOTPTA304: start
2026-09-04 18:35:15 | WARNING  | RS03ASHS-MJ03B-09-BOTPTA304: no QARTOD vars [1s, peak 28.0 GiB]
2026-09-04 18:35:15 | INFO     | RS03CCAL-MJ03F-05-BOTPTA301: start
2026-09-04 18:35:17 | WARNING  | RS03CCAL-MJ03F-05-BOTPTA301: no QARTOD vars [1s, peak 28.0 GiB]
2026-09-04 18:35:17 | INFO     | RS03ECAL-MJ03E-06-BOTPTA302: start
2026-09-04 18:35:18 | WARNING  | RS03ECAL-MJ03E-06-BOTPTA302: no QARTOD vars [1s, peak 28.0 GiB]
2026-09-04 18:35:18 | INFO     | RS03INT2-MJ03D-06-BOTPTA303: start
2026-09-04 18:35:19 | WARNING  | RS03INT2-MJ03D-06-BOTPTA303: no QARTOD vars [1s, peak 28.0 GiB]
2026-09-04 18:35:19 | INFO     | CE04OSBP-LJ01C-07-VEL3DC107: start
2026-09-04 18:36:57 | INFO     | CE04OSBP-LJ01C-07-VEL3DC107: 13 wks, sci~87% [98s, peak 28.0 GiB]
2026-09-04 18:36:57 | INFO     | CE02SHBP-LJ01D-07-VEL3DC108: start
2026-09-04 18:38:50 | INFO     | CE02SHBP-LJ01D-07-VEL3DC108: 13 wks, sci~85% [113s, peak 66.6 GiB]
2026-09-04 18:38:50 | INFO     | CE04OSPS-SF01B-3D-SPKIRA102: start
2026-09-04 18:39:13 | INFO     | CE04OSPS-SF01B-3D-SPKIRA102: 10 wks, sci~19% [24s, peak 66.6 GiB]
2026-09-04 18:39:13 | INFO     | RS01SBPS-SF01A-3D-SPKIRA101: start
2026-09-04 18:39:30 | INFO     | RS01SBPS-SF01A-3D-SPKIRA101: 11 wks, sci~46% [16s, peak 66.6 GiB]
2026-09-04 18:39:30 | INFO     | RS03AXPS-SF03A-3D-SPKIRA301: start
2026-09-04 18:40:00 | INFO     | RS03AXPS-SF03A-3D-SPKIRA301: 14 wks, sci~39% [30s, peak 66.6 GiB]
2026-09-04 18:40:00 | INFO     | scanned 74 zarr in 868s (60 with QARTOD)
2026-09-04 18:40:00 | SUCCESS  | wrote reports/2026-09-04/weekly_science.csv (60 instruments with QARTOD)
2026-09-04 18:40:00 | SUCCESS  | wrote reports/2026-09-04/kpi.csv (1456 instrument-weeks)
2026-09-04 18:40:00 | SUCCESS  | wrote reports/2026-09-04/kpi_pivot_technical.csv (112 instruments x 13 weeks)
2026-09-04 18:40:00 | SUCCESS  | wrote reports/2026-09-04/kpi_pivot_retention.csv (112 instruments x 13 weeks)
2026-09-04 18:40:00 | SUCCESS  | wrote reports/2026-09-04/kpi_pivot_science.csv (112 instruments x 13 weeks)
2026-09-04 18:40:02 | SUCCESS  | wrote reports/2026-09-04/kpi_heatmap_technical.png (113 instruments x 13 weeks)
2026-09-04 18:40:04 | SUCCESS  | wrote reports/2026-09-04/kpi_heatmap_retention.png (113 instruments x 13 weeks)
2026-09-04 18:40:06 | SUCCESS  | wrote reports/2026-09-04/kpi_heatmap_science.png (113 instruments x 13 weeks)
