2026-07-27 20:10:25 | INFO     | crawling 112 instruments over 20260401..20260727
2026-07-27 20:10:25 | INFO     | CE02SHBP-LJ01D-06-CTDBPN106: 1 days, 112 bytes [0.2s]
2026-07-27 20:10:25 | INFO     | RS03CCAL-MJ03F-12-CTDPFB305: 118 days, 394,841,052 bytes [0.2s]
2026-07-27 20:10:25 | INFO     | RS03AXBS-LJ03A-12-CTDPFB301: 118 days, 539,871,390 bytes [0.2s]
2026-07-27 20:10:25 | INFO     | RS03ASHS-MJ03B-10-CTDPFB304: 118 days, 392,639,055 bytes [0.3s]
2026-07-27 20:10:25 | INFO     | RS03AXPS-SF03A-2A-CTDPFA302: 118 days, 441,752,301 bytes [0.3s]
2026-07-27 20:10:25 | INFO     | RS01SBPS-SF01A-2A-CTDPFA102: 118 days, 435,159,585 bytes [0.3s]
2026-07-27 20:10:25 | INFO     | RS01SBPS-PC01A-4C-FLORDD103: 118 days, 636,073,953 bytes [0.3s]
2026-07-27 20:10:25 | INFO     | RS03ECAL-MJ03E-12-CTDPFB306: 118 days, 404,907,324 bytes [0.3s]
2026-07-27 20:10:25 | INFO     | RS03INT2-MJ03D-11-CTDPFB307: 118 days, 392,639,055 bytes [0.3s]
2026-07-27 20:10:25 | INFO     | RS03AXPS-PC03A-4C-FLORDD303: 118 days, 637,873,947 bytes [0.4s]
2026-07-27 20:10:25 | INFO     | RS03AXPS-PC03A-4A-CTDPFA303: 118 days, 539,920,542 bytes [0.4s]
2026-07-27 20:10:25 | INFO     | RS01SLBS-LJ01A-12-CTDPFB101: 118 days, 539,859,102 bytes [0.4s]
2026-07-27 20:10:25 | INFO     | CE04OSPS-SF01B-2A-CTDPFA107: 118 days, 441,747,181 bytes [0.4s]
2026-07-27 20:10:25 | INFO     | RS01SBPS-PC01A-4A-CTDPFA103: 118 days, 539,907,230 bytes [0.4s]
2026-07-27 20:10:25 | INFO     | CE04OSBP-LJ01C-06-CTDBPO108: 118 days, 539,865,246 bytes [0.4s]
2026-07-27 20:10:25 | INFO     | CE04OSPS-PC01B-4A-CTDPFA109: 118 days, 539,914,398 bytes [0.4s]
2026-07-27 20:10:25 | INFO     | RS03AXPS-SF03A-3A-FLORTD301: 118 days, 648,571,413 bytes [0.2s]
2026-07-27 20:10:25 | INFO     | RS01SBPS-SF01A-3A-FLORTD101: 118 days, 622,262,429 bytes [0.2s]
2026-07-27 20:10:25 | INFO     | RS01SBPS-SF01A-4A-NUTNRA101: 116 days, 532,467,047 bytes [0.2s]
2026-07-27 20:10:25 | INFO     | CE04OSPS-PC01B-4B-PHSENA106: 0 days, 0 bytes [0.0s]
2026-07-27 20:10:25 | INFO     | RS03AXPS-SF03A-4A-NUTNRA301: 117 days, 940,782,339 bytes [0.2s]
2026-07-27 20:10:25 | INFO     | CE04OSPS-SF01B-3A-FLORTD104: 118 days, 637,552,205 bytes [0.3s]
2026-07-27 20:10:25 | INFO     | RS03AXPS-SF03A-3C-PARADA301: 118 days, 1,227,091,968 bytes [0.2s]
2026-07-27 20:10:25 | INFO     | RS01SBPS-SF01A-3C-PARADA101: 117 days, 1,208,711,168 bytes [0.2s]
2026-07-27 20:10:25 | INFO     | CE04OSPS-SF01B-4A-NUTNRA102: 117 days, 636,695,297 bytes [0.3s]
2026-07-27 20:10:25 | INFO     | CE04OSPS-SF01B-3C-PARADA102: 118 days, 1,226,866,892 bytes [0.3s]
2026-07-27 20:10:25 | INFO     | RS01SBPS-SF01A-4F-PCO2WA101: 116 days, 540,388 bytes [0.2s]
2026-07-27 20:10:25 | INFO     | CE04OSPS-SF01B-4F-PCO2WA102: 117 days, 553,723 bytes [0.3s]
2026-07-27 20:10:25 | INFO     | CE04OSBP-LJ01C-09-PCO2WB104: 118 days, 1,160,853 bytes [0.2s]
2026-07-27 20:10:25 | INFO     | RS01SBPS-PC01A-4B-PHSENA102: 118 days, 3,116,134 bytes [0.2s]
2026-07-27 20:10:25 | INFO     | RS01SLBS-LJ01A-10-ADCPTE101: 0 days, 0 bytes [0.0s]
2026-07-27 20:10:25 | INFO     | CE04OSPS-SF01B-2B-PHSENA108: 117 days, 3,716,096 bytes [0.3s]
2026-07-27 20:10:25 | INFO     | RS03AXPS-PC03A-4B-PHSENA302: 118 days, 3,116,134 bytes [0.2s]
2026-07-27 20:10:25 | INFO     | CE02SHBP-LJ01D-09-PCO2WB103: 118 days, 1,157,780 bytes [0.3s]
2026-07-27 20:10:25 | INFO     | RS01SBPS-SF01A-2D-PHSENA101: 116 days, 3,621,483 bytes [0.3s]
2026-07-27 20:10:25 | INFO     | RS03AXPS-SF03A-2D-PHSENA301: 117 days, 3,604,480 bytes [0.2s]
2026-07-27 20:10:25 | INFO     | RS03AXPS-SF03A-4F-PCO2WA301: 117 days, 537,859 bytes [0.3s]
2026-07-27 20:10:25 | INFO     | CE04OSPS-PC01B-4C-PHSENH109: 118 days, 2,402,999 bytes [0.3s]
2026-07-27 20:10:25 | INFO     | RS01SBPS-SF01A-4B-VELPTD102: 118 days, 580,102,462 bytes [0.2s]
2026-07-27 20:10:25 | INFO     | CE02SHBP-LJ01D-10-PHSENH110: 118 days, 2,396,618 bytes [0.3s]
2026-07-27 20:10:25 | INFO     | RS03AXPS-SF03A-4B-VELPTD302: 118 days, 589,002,044 bytes [0.2s]
2026-07-27 20:10:25 | INFO     | RS03AXBS-LJ03A-10-ADCPTE303: 118 days, 11,042,763,571 bytes [0.2s]
2026-07-27 20:10:25 | INFO     | CE04OSPS-PC01B-4D-PCO2WA105: 118 days, 1,163,922 bytes [0.5s]
2026-07-27 20:10:26 | INFO     | RS01SBPS-PC01A-06-VADCPB101: 118 days, 36,648,150,630 bytes [0.2s]
2026-07-27 20:10:26 | INFO     | RS03AXBS-LJ03A-05-HPIESA301: 0 days, 0 bytes [0.0s]
2026-07-27 20:10:26 | INFO     | CE04OSPS-SF01B-4B-VELPTD106: 118 days, 588,994,876 bytes [0.3s]
2026-07-27 20:10:26 | INFO     | CE04OSBP-LJ01C-10-PHSEND107: 118 days, 3,116,032 bytes [0.4s]
2026-07-27 20:10:26 | INFO     | RS01SUM2-MJ01B-12-ADCPSK101: 118 days, 11,042,658,713 bytes [0.3s]
2026-07-27 20:10:26 | INFO     | CE02SHBP-LJ01D-05-ADCPTB104: 118 days, 11,288,235,212 bytes [0.3s]
2026-07-27 20:10:26 | INFO     | RS01SBPS-PC01A-05-ADCPTD102: 118 days, 11,043,497,574 bytes [0.2s]
2026-07-27 20:10:26 | INFO     | CE04OSBP-LJ01C-05-ADCPSI103: 118 days, 11,042,658,713 bytes [0.3s]
2026-07-27 20:10:26 | INFO     | RS03AXPS-PC03A-06-VADCPB301: 118 days, 36,393,136,947 bytes [0.3s]
2026-07-27 20:10:26 | INFO     | RS03INT1-MJ03C-10-TRHPHA301: 118 days, 99,086,336 bytes [0.2s]
2026-07-27 20:10:26 | INFO     | RS03INT1-MJ03C-07-D1000A301: 118 days, 355,949,521 bytes [0.3s]
2026-07-27 20:10:26 | INFO     | RS03AXPS-PC03A-05-ADCPTD302: 118 days, 11,043,812,147 bytes [0.3s]
2026-07-27 20:10:26 | INFO     | RS03INT1-MJ03C-09-TRHPHA302: 118 days, 98,818,048 bytes [0.2s]
2026-07-27 20:10:26 | INFO     | RS01SLBS-MJ01A-06-PRESTA101: 118 days, 2,331,409,408 bytes [0.2s]
2026-07-27 20:10:26 | INFO     | RS01SUM1-LJ01B-09-PRESTB102: 118 days, 1,840,447,488 bytes [0.2s]
2026-07-27 20:10:26 | INFO     | RS03AXBS-MJ03A-06-PRESTA301: 118 days, 122,697,728 bytes [0.3s]
2026-07-27 20:10:26 | INFO     | RS01SLBS-MJ01A-12-VEL3DB101: 118 days, 1,128,896,079 bytes [0.1s]
2026-07-27 20:10:26 | INFO     | RS03ASHS-MJ03B-07-TMPSFA301: 118 days, 257,669,869 bytes [0.2s]
2026-07-27 20:10:26 | INFO     | RS03ASHS-MJ03B-09-BOTPTA304: 118 days, 1,963,252,736 bytes [0.2s]
2026-07-27 20:10:26 | INFO     | RS01SUM1-LJ01B-12-VEL3DB104: 118 days, 1,128,808,015 bytes [0.2s]
2026-07-27 20:10:26 | INFO     | RS01SLBS-LJ01A-05-HPIESA101: 118 days, 736,158,720 bytes [0.3s]
2026-07-27 20:10:26 | INFO     | CE02SHBP-LJ01D-08-OPTAAD106: 0 days, 0 bytes [0.0s]
2026-07-27 20:10:26 | INFO     | RS03AXBS-MJ03A-12-VEL3DB301: 118 days, 1,128,822,351 bytes [0.2s]
2026-07-27 20:10:26 | INFO     | RS03CCAL-MJ03F-05-BOTPTA301: 118 days, 1,963,252,736 bytes [0.2s]
2026-07-27 20:10:26 | INFO     | CE02SHBP-MJ01C-08-CAMDSB107: 0 days, 0 bytes [0.1s]
2026-07-27 20:10:26 | INFO     | RS03INT2-MJ03D-12-VEL3DB304: 118 days, 1,128,835,663 bytes [0.3s]
2026-07-27 20:10:26 | INFO     | RS01SLBS-LJ01A-11-OPTAAC103: 118 days, 1,595,473,920 bytes [0.2s]
2026-07-27 20:10:26 | INFO     | RS03AXPS-SF03A-3B-OPTAAD301: 117 days, 2,944,401,408 bytes [0.2s]
2026-07-27 20:10:26 | INFO     | RS03ECAL-MJ03E-06-BOTPTA302: 118 days, 12,515,803,136 bytes [0.3s]
2026-07-27 20:10:26 | INFO     | CE04OSBP-LJ01C-07-VEL3DC107: 118 days, 3,680,896,000 bytes [0.3s]
2026-07-27 20:10:26 | INFO     | RS03AXPS-SF03A-3D-SPKIRA301: 118 days, 3,067,729,920 bytes [0.2s]
2026-07-27 20:10:26 | INFO     | RS01SBPS-SF01A-3B-OPTAAD101: 116 days, 3,031,433,216 bytes [0.3s]
2026-07-27 20:10:26 | INFO     | RS03INT2-MJ03D-06-BOTPTA303: 118 days, 1,963,252,736 bytes [0.3s]
2026-07-27 20:10:26 | INFO     | RS03AXBS-LJ03A-11-OPTAAC303: 118 days, 1,472,739,328 bytes [0.2s]
2026-07-27 20:10:26 | INFO     | CE02SHBP-LJ01D-07-VEL3DC108: 118 days, 3,680,940,032 bytes [0.3s]
2026-07-27 20:10:26 | INFO     | CE04OSPS-SF01B-3B-OPTAAD105: 117 days, 2,944,401,408 bytes [0.3s]
2026-07-27 20:10:26 | INFO     | RS01SBPS-SF01A-3D-SPKIRA101: 118 days, 3,022,043,154 bytes [0.3s]
2026-07-27 20:10:26 | INFO     | CE04OSBP-LJ01C-08-OPTAAC104: 118 days, 1,595,429,888 bytes [0.3s]
2026-07-27 20:10:26 | INFO     | RS01SLBS-MJ01A-05-HYDLFA101: 0 days, 0 bytes [0.0s]
2026-07-27 20:10:26 | INFO     | CE04OSBP-LJ01C-11-HYDBBA105: 0 days, 0 bytes [0.1s]
2026-07-27 20:10:26 | INFO     | RS03CCAL-MJ03F-06-HYDLFA305: 0 days, 0 bytes [0.1s]
2026-07-27 20:10:26 | INFO     | RS03AXBS-MJ03A-05-HYDLFA301: 0 days, 0 bytes [0.1s]
2026-07-27 20:10:26 | INFO     | RS03ECAL-MJ03E-09-HYDLFA304: 0 days, 0 bytes [0.1s]
2026-07-27 20:10:26 | INFO     | RS01SLBS-MJ01A-05-OBSBBA102: 0 days, 0 bytes [0.0s]
2026-07-27 20:10:26 | INFO     | CE04OSPS-SF01B-3D-SPKIRA102: 118 days, 3,067,693,056 bytes [0.4s]
2026-07-27 20:10:26 | INFO     | RS01SUM1-LJ01B-05-HYDLFA104: 0 days, 0 bytes [0.2s]
2026-07-27 20:10:26 | INFO     | RS01SUM1-LJ01B-05-OBSBBA101: 0 days, 0 bytes [0.0s]
2026-07-27 20:10:26 | INFO     | RS03AXBS-MJ03A-05-OBSBBA303: 0 days, 0 bytes [0.0s]
2026-07-27 20:10:26 | INFO     | RS03CCAL-MJ03F-06-OBSBBA301: 0 days, 0 bytes [0.0s]
2026-07-27 20:10:26 | INFO     | RS03ECAL-MJ03E-09-OBSBBA302: 0 days, 0 bytes [0.1s]
2026-07-27 20:10:26 | INFO     | RS01SUM1-LJ01B-08-OBSSPA101: 0 days, 0 bytes [0.1s]
2026-07-27 20:10:26 | INFO     | RS03ASHS-MJ03B-05-OBSSPA302: 0 days, 0 bytes [0.1s]
2026-07-27 20:10:26 | INFO     | RS03ASHS-MJ03B-06-OBSSPA301: 0 days, 0 bytes [0.0s]
2026-07-27 20:10:26 | INFO     | RS03ECAL-MJ03E-05-OBSSPA303: 0 days, 0 bytes [0.0s]
2026-07-27 20:10:26 | INFO     | RS01SUM1-LJ01B-06-OBSSPA103: 0 days, 0 bytes [0.1s]
2026-07-27 20:10:26 | INFO     | RS01SUM1-LJ01B-07-OBSSPA102: 0 days, 0 bytes [0.1s]
2026-07-27 20:10:27 | INFO     | RS03ECAL-MJ03E-08-OBSSPA304: 0 days, 0 bytes [0.0s]
2026-07-27 20:10:27 | INFO     | RS03INT2-MJ03D-05-OBSSPA305: 0 days, 0 bytes [0.0s]
2026-07-27 20:10:36 | INFO     | RS03ASHS-PN03B-06-CAMHDA301: 118 days, 15,061,890,429,726 bytes [9.7s]
2026-07-27 20:10:37 | INFO     | RS03INT1-MJ03C-05-CAMDSB303: 118 days, 128,724,754,358 bytes [11.5s]
2026-07-27 20:10:38 | INFO     | RS01SBPS-PC01A-07-CAMDSC102: 114 days, 356,854,634,905 bytes [11.9s]
2026-07-27 20:10:38 | INFO     | CE04OSBP-LV01C-06-CAMDSB106: 118 days, 166,886,001,598 bytes [12.4s]
2026-07-27 20:10:38 | INFO     | RS03AXPS-PC03A-07-CAMDSC302: 118 days, 391,244,677,120 bytes [12.5s]
2026-07-27 20:10:39 | INFO     | RS01SUM2-MJ01B-05-CAMDSB103: 118 days, 133,072,989,988 bytes [13.0s]
2026-07-27 20:10:42 | INFO     | CE02SHBP-LJ01D-11-HYDBBA106: 108 days, 718,640,647,747 bytes [16.0s]
2026-07-27 20:10:42 | INFO     | RS01SBPS-PC01A-08-HYDBBA103: 108 days, 976,158,900,982 bytes [16.1s]
2026-07-27 20:10:42 | INFO     | RS03AXPS-PC03A-08-HYDBBA303: 108 days, 981,001,138,347 bytes [16.1s]
2026-07-27 20:10:42 | INFO     | RS03AXBS-LJ03A-09-HYDBBA302: 108 days, 891,725,757,331 bytes [16.2s]
2026-07-27 20:10:42 | INFO     | RS01SLBS-LJ01A-09-HYDBBA102: 108 days, 678,267,181,039 bytes [16.2s]
2026-07-27 20:10:42 | INFO     | crawled 112 instruments in 18s (0.2s each)
2026-07-27 20:10:42 | INFO     | 16 complete weeks in window: 2026-04-13..2026-07-27
2026-07-27 20:10:42 | SUCCESS  | wrote reports/2026-07-27/weekly_delivery.csv (112 instruments x 16 weeks)
2026-07-27 20:10:43 | INFO     | flox 0.11.2 present, use_flox forced on
2026-07-27 20:10:43 | WARNING  | RS03AXPS-SF03A-3B-OPTAAD301: skipped (store mid-regeneration, see REGENERATING)
2026-07-27 20:10:43 | WARNING  | CE04OSPS-SF01B-3B-OPTAAD105: skipped (store mid-regeneration, see REGENERATING)
2026-07-27 20:10:43 | WARNING  | RS01SBPS-SF01A-3B-OPTAAD101: skipped (store mid-regeneration, see REGENERATING)
2026-07-27 20:10:43 | WARNING  | RS01SLBS-LJ01A-11-OPTAAC103: skipped (store mid-regeneration, see REGENERATING)
2026-07-27 20:10:43 | WARNING  | CE04OSBP-LJ01C-08-OPTAAC104: skipped (store mid-regeneration, see REGENERATING)
2026-07-27 20:10:43 | WARNING  | RS03AXBS-LJ03A-11-OPTAAC303: skipped (store mid-regeneration, see REGENERATING)
2026-07-27 20:10:43 | WARNING  | CE02SHBP-LJ01D-08-OPTAAD106: skipped (store mid-regeneration, see REGENERATING)
2026-07-27 20:10:43 | INFO     | C2: scanning QARTOD in 74 zarr datasets over 2026-04-01..2026-07-27
2026-07-27 20:10:43 | INFO     | CE02SHBP-LJ01D-06-CTDBPN106: start
2026-07-27 20:10:55 | INFO     | CE02SHBP-LJ01D-06-CTDBPN106: 0 wks (no data in window) [12s, peak 10.1 GiB]
2026-07-27 20:10:55 | INFO     | CE04OSBP-LJ01C-06-CTDBPO108: start
2026-07-27 20:11:16 | INFO     | CE04OSBP-LJ01C-06-CTDBPO108: 18 wks, sci~100% [21s, peak 11.4 GiB]
2026-07-27 20:11:16 | INFO     | RS01SLBS-LJ01A-12-CTDPFB101: start
2026-07-27 20:11:36 | INFO     | RS01SLBS-LJ01A-12-CTDPFB101: 18 wks, sci~100% [20s, peak 11.7 GiB]
2026-07-27 20:11:36 | INFO     | RS03AXBS-LJ03A-12-CTDPFB301: start
2026-07-27 20:11:56 | INFO     | RS03AXBS-LJ03A-12-CTDPFB301: 18 wks, sci~100% [20s, peak 11.8 GiB]
2026-07-27 20:11:56 | INFO     | RS03ASHS-MJ03B-10-CTDPFB304: start
2026-07-27 20:12:12 | INFO     | RS03ASHS-MJ03B-10-CTDPFB304: 18 wks, sci~100% [15s, peak 11.8 GiB]
2026-07-27 20:12:12 | INFO     | RS03CCAL-MJ03F-12-CTDPFB305: start
2026-07-27 20:12:25 | INFO     | RS03CCAL-MJ03F-12-CTDPFB305: 18 wks, sci~100% [13s, peak 11.8 GiB]
2026-07-27 20:12:25 | INFO     | RS03ECAL-MJ03E-12-CTDPFB306: start
2026-07-27 20:12:38 | INFO     | RS03ECAL-MJ03E-12-CTDPFB306: 18 wks, sci~100% [13s, peak 11.8 GiB]
2026-07-27 20:12:38 | INFO     | RS03INT2-MJ03D-11-CTDPFB307: start
2026-07-27 20:12:49 | INFO     | RS03INT2-MJ03D-11-CTDPFB307: 18 wks, sci~100% [11s, peak 11.8 GiB]
2026-07-27 20:12:49 | INFO     | RS01SBPS-PC01A-4A-CTDPFA103: start
2026-07-27 20:13:08 | INFO     | RS01SBPS-PC01A-4A-CTDPFA103: 18 wks, sci~100% [19s, peak 11.8 GiB]
2026-07-27 20:13:08 | INFO     | CE04OSPS-PC01B-4A-CTDPFA109: start
2026-07-27 20:13:27 | INFO     | CE04OSPS-PC01B-4A-CTDPFA109: 18 wks, sci~100% [18s, peak 11.8 GiB]
2026-07-27 20:13:27 | INFO     | RS03AXPS-PC03A-4A-CTDPFA303: start
2026-07-27 20:13:46 | INFO     | RS03AXPS-PC03A-4A-CTDPFA303: 18 wks, sci~100% [19s, peak 11.8 GiB]
2026-07-27 20:13:46 | INFO     | RS01SBPS-SF01A-2A-CTDPFA102: start
2026-07-27 20:14:03 | INFO     | RS01SBPS-SF01A-2A-CTDPFA102: 18 wks, sci~100% [17s, peak 11.8 GiB]
2026-07-27 20:14:03 | INFO     | CE04OSPS-SF01B-2A-CTDPFA107: start
2026-07-27 20:14:21 | INFO     | CE04OSPS-SF01B-2A-CTDPFA107: 18 wks, sci~100% [18s, peak 11.8 GiB]
2026-07-27 20:14:21 | INFO     | RS03AXPS-SF03A-2A-CTDPFA302: start
2026-07-27 20:14:40 | INFO     | RS03AXPS-SF03A-2A-CTDPFA302: 18 wks, sci~100% [19s, peak 11.8 GiB]
2026-07-27 20:14:40 | INFO     | RS01SBPS-PC01A-4C-FLORDD103: start
2026-07-27 20:14:52 | INFO     | RS01SBPS-PC01A-4C-FLORDD103: 18 wks, sci~100% [12s, peak 11.8 GiB]
2026-07-27 20:14:52 | INFO     | RS03AXPS-PC03A-4C-FLORDD303: start
2026-07-27 20:15:06 | INFO     | RS03AXPS-PC03A-4C-FLORDD303: 18 wks, sci~100% [14s, peak 11.8 GiB]
2026-07-27 20:15:06 | INFO     | CE04OSPS-SF01B-3A-FLORTD104: start
2026-07-27 20:15:19 | INFO     | CE04OSPS-SF01B-3A-FLORTD104: 18 wks, sci~71% [13s, peak 11.8 GiB]
2026-07-27 20:15:19 | INFO     | RS01SBPS-SF01A-3A-FLORTD101: start
2026-07-27 20:15:31 | INFO     | RS01SBPS-SF01A-3A-FLORTD101: 18 wks, sci~100% [11s, peak 11.8 GiB]
2026-07-27 20:15:31 | INFO     | RS03AXPS-SF03A-3A-FLORTD301: start
2026-07-27 20:15:43 | INFO     | RS03AXPS-SF03A-3A-FLORTD301: 18 wks, sci~86% [13s, peak 11.8 GiB]
2026-07-27 20:15:43 | INFO     | CE04OSPS-SF01B-4A-NUTNRA102: start
2026-07-27 20:15:46 | INFO     | CE04OSPS-SF01B-4A-NUTNRA102: 18 wks, sci~100% [2s, peak 11.8 GiB]
2026-07-27 20:15:46 | INFO     | RS01SBPS-SF01A-4A-NUTNRA101: start
2026-07-27 20:15:48 | INFO     | RS01SBPS-SF01A-4A-NUTNRA101: 18 wks, sci~96% [2s, peak 11.8 GiB]
2026-07-27 20:15:48 | INFO     | RS03AXPS-SF03A-4A-NUTNRA301: start
2026-07-27 20:15:50 | INFO     | RS03AXPS-SF03A-4A-NUTNRA301: 18 wks, sci~96% [2s, peak 11.8 GiB]
2026-07-27 20:15:50 | INFO     | CE04OSPS-SF01B-3C-PARADA102: start
2026-07-27 20:16:04 | INFO     | CE04OSPS-SF01B-3C-PARADA102: 18 wks, sci~24% [14s, peak 12.0 GiB]
2026-07-27 20:16:04 | INFO     | RS01SBPS-SF01A-3C-PARADA101: start
2026-07-27 20:16:27 | INFO     | RS01SBPS-SF01A-3C-PARADA101: 18 wks, sci~35% [23s, peak 28.0 GiB]
2026-07-27 20:16:27 | INFO     | RS03AXPS-SF03A-3C-PARADA301: start
2026-07-27 20:16:49 | INFO     | RS03AXPS-SF03A-3C-PARADA301: 18 wks, sci~34% [22s, peak 28.0 GiB]
2026-07-27 20:16:49 | INFO     | CE04OSPS-SF01B-4F-PCO2WA102: start
2026-07-27 20:16:52 | INFO     | CE04OSPS-SF01B-4F-PCO2WA102: 18 wks, sci~60% [2s, peak 28.0 GiB]
2026-07-27 20:16:52 | INFO     | CE04OSPS-PC01B-4D-PCO2WA105: start
2026-07-27 20:16:54 | INFO     | CE04OSPS-PC01B-4D-PCO2WA105: 18 wks, sci~100% [2s, peak 28.0 GiB]
2026-07-27 20:16:54 | INFO     | RS01SBPS-SF01A-4F-PCO2WA101: start
2026-07-27 20:16:56 | INFO     | RS01SBPS-SF01A-4F-PCO2WA101: 18 wks, sci~52% [2s, peak 28.0 GiB]
2026-07-27 20:16:56 | INFO     | RS03AXPS-SF03A-4F-PCO2WA301: start
2026-07-27 20:16:58 | INFO     | RS03AXPS-SF03A-4F-PCO2WA301: 18 wks, sci~77% [2s, peak 28.0 GiB]
2026-07-27 20:16:58 | INFO     | CE02SHBP-LJ01D-09-PCO2WB103: start
2026-07-27 20:17:00 | INFO     | CE02SHBP-LJ01D-09-PCO2WB103: 18 wks, sci~100% [2s, peak 28.0 GiB]
2026-07-27 20:17:00 | INFO     | CE04OSBP-LJ01C-09-PCO2WB104: start
2026-07-27 20:17:02 | INFO     | CE04OSBP-LJ01C-09-PCO2WB104: 18 wks, sci~100% [2s, peak 28.0 GiB]
2026-07-27 20:17:02 | INFO     | CE04OSPS-SF01B-2B-PHSENA108: start
2026-07-27 20:17:05 | INFO     | CE04OSPS-SF01B-2B-PHSENA108: 18 wks, sci~26% [2s, peak 28.0 GiB]
2026-07-27 20:17:05 | INFO     | CE04OSPS-PC01B-4B-PHSENA106: start
2026-07-27 20:17:07 | INFO     | CE04OSPS-PC01B-4B-PHSENA106: 0 wks (no data in window) [2s, peak 28.0 GiB]
2026-07-27 20:17:07 | INFO     | RS01SBPS-PC01A-4B-PHSENA102: start
2026-07-27 20:17:09 | INFO     | RS01SBPS-PC01A-4B-PHSENA102: 18 wks, sci~100% [2s, peak 28.0 GiB]
2026-07-27 20:17:09 | INFO     | RS01SBPS-SF01A-2D-PHSENA101: start
2026-07-27 20:17:11 | INFO     | RS01SBPS-SF01A-2D-PHSENA101: 18 wks, sci~98% [2s, peak 28.0 GiB]
2026-07-27 20:17:11 | INFO     | RS03AXPS-PC03A-4B-PHSENA302: start
2026-07-27 20:17:14 | INFO     | RS03AXPS-PC03A-4B-PHSENA302: 18 wks, sci~100% [2s, peak 28.0 GiB]
2026-07-27 20:17:14 | INFO     | RS03AXPS-SF03A-2D-PHSENA301: start
2026-07-27 20:17:16 | INFO     | RS03AXPS-SF03A-2D-PHSENA301: 18 wks, sci~100% [2s, peak 28.0 GiB]
2026-07-27 20:17:16 | INFO     | CE04OSPS-PC01B-4C-PHSENH109: start
2026-07-27 20:17:18 | WARNING  | CE04OSPS-PC01B-4C-PHSENH109: no QARTOD vars [2s, peak 28.0 GiB]
2026-07-27 20:17:18 | INFO     | CE02SHBP-LJ01D-10-PHSENH110: start
2026-07-27 20:17:19 | WARNING  | CE02SHBP-LJ01D-10-PHSENH110: no QARTOD vars [2s, peak 28.0 GiB]
2026-07-27 20:17:19 | INFO     | CE04OSBP-LJ01C-10-PHSEND107: start
2026-07-27 20:17:21 | INFO     | CE04OSBP-LJ01C-10-PHSEND107: 18 wks, sci~93% [2s, peak 28.0 GiB]
2026-07-27 20:17:21 | INFO     | CE04OSPS-SF01B-4B-VELPTD106: start
2026-07-27 20:17:30 | WARNING  | CE04OSPS-SF01B-4B-VELPTD106: no QARTOD vars [8s, peak 28.0 GiB]
2026-07-27 20:17:30 | INFO     | RS01SBPS-SF01A-4B-VELPTD102: start
2026-07-27 20:17:39 | WARNING  | RS01SBPS-SF01A-4B-VELPTD102: no QARTOD vars [10s, peak 28.0 GiB]
2026-07-27 20:17:39 | INFO     | RS03AXPS-SF03A-4B-VELPTD302: start
2026-07-27 20:17:50 | WARNING  | RS03AXPS-SF03A-4B-VELPTD302: no QARTOD vars [11s, peak 28.0 GiB]
2026-07-27 20:17:50 | INFO     | RS01SLBS-LJ01A-10-ADCPTE101: start
2026-07-27 20:17:57 | INFO     | RS01SLBS-LJ01A-10-ADCPTE101: 0 wks (no data in window) [7s, peak 28.0 GiB]
2026-07-27 20:17:57 | INFO     | RS01SUM2-MJ01B-12-ADCPSK101: start
2026-07-27 20:18:08 | INFO     | RS01SUM2-MJ01B-12-ADCPSK101: 18 wks, sci~100% [10s, peak 28.0 GiB]
2026-07-27 20:18:08 | INFO     | CE04OSBP-LJ01C-05-ADCPSI103: start
2026-07-27 20:18:17 | INFO     | CE04OSBP-LJ01C-05-ADCPSI103: 18 wks, sci~100% [10s, peak 28.0 GiB]
2026-07-27 20:18:17 | INFO     | CE02SHBP-LJ01D-05-ADCPTB104: start
2026-07-27 20:18:37 | INFO     | CE02SHBP-LJ01D-05-ADCPTB104: 18 wks, sci~100% [20s, peak 28.0 GiB]
2026-07-27 20:18:37 | INFO     | RS03AXBS-LJ03A-10-ADCPTE303: start
2026-07-27 20:18:50 | INFO     | RS03AXBS-LJ03A-10-ADCPTE303: 18 wks, sci~100% [13s, peak 28.0 GiB]
2026-07-27 20:18:50 | INFO     | RS03AXPS-PC03A-05-ADCPTD302: start
2026-07-27 20:19:06 | INFO     | RS03AXPS-PC03A-05-ADCPTD302: 18 wks, sci~100% [16s, peak 28.0 GiB]
2026-07-27 20:19:07 | INFO     | RS01SBPS-PC01A-05-ADCPTD102: start
2026-07-27 20:19:26 | INFO     | RS01SBPS-PC01A-05-ADCPTD102: 18 wks, sci~100% [19s, peak 28.0 GiB]
2026-07-27 20:19:26 | INFO     | RS03AXPS-PC03A-06-VADCPB301: start
2026-07-27 20:19:29 | WARNING  | RS03AXPS-PC03A-06-VADCPB301: no QARTOD vars [4s, peak 28.0 GiB]
2026-07-27 20:19:29 | INFO     | RS01SBPS-PC01A-06-VADCPB101: start
2026-07-27 20:19:33 | WARNING  | RS01SBPS-PC01A-06-VADCPB101: no QARTOD vars [4s, peak 28.0 GiB]
2026-07-27 20:19:33 | INFO     | RS03INT1-MJ03C-07-D1000A301: start
2026-07-27 20:19:39 | INFO     | RS03INT1-MJ03C-07-D1000A301: 18 wks, sci~100% [6s, peak 28.0 GiB]
2026-07-27 20:19:39 | INFO     | RS03INT1-MJ03C-10-TRHPHA301: start
2026-07-27 20:19:43 | INFO     | RS03INT1-MJ03C-10-TRHPHA301: 18 wks, sci~99% [5s, peak 28.0 GiB]
2026-07-27 20:19:43 | INFO     | RS03INT1-MJ03C-09-TRHPHA302: start
2026-07-27 20:19:46 | WARNING  | RS03INT1-MJ03C-09-TRHPHA302: no QARTOD vars [3s, peak 28.0 GiB]
2026-07-27 20:19:46 | INFO     | RS03AXBS-MJ03A-06-PRESTA301: start
2026-07-27 20:19:51 | INFO     | RS03AXBS-MJ03A-06-PRESTA301: 18 wks, sci~100% [5s, peak 28.0 GiB]
2026-07-27 20:19:51 | INFO     | RS01SLBS-MJ01A-06-PRESTA101: start
2026-07-27 20:20:03 | INFO     | RS01SLBS-MJ01A-06-PRESTA101: 18 wks, sci~100% [12s, peak 28.0 GiB]
2026-07-27 20:20:03 | INFO     | RS01SUM1-LJ01B-09-PRESTB102: start
2026-07-27 20:20:13 | INFO     | RS01SUM1-LJ01B-09-PRESTB102: 18 wks, sci~100% [11s, peak 28.0 GiB]
2026-07-27 20:20:13 | INFO     | RS03AXBS-LJ03A-05-HPIESA301: start
2026-07-27 20:20:15 | INFO     | RS03AXBS-LJ03A-05-HPIESA301: 0 wks (no data in window) [2s, peak 28.0 GiB]
2026-07-27 20:20:15 | INFO     | RS01SLBS-LJ01A-05-HPIESA101: start
2026-07-27 20:20:17 | INFO     | RS01SLBS-LJ01A-05-HPIESA101: 0 wks (no data in window) [2s, peak 28.0 GiB]
2026-07-27 20:20:17 | INFO     | RS03ASHS-MJ03B-07-TMPSFA301: start
2026-07-27 20:20:24 | INFO     | RS03ASHS-MJ03B-07-TMPSFA301: 18 wks, sci~100% [8s, peak 28.0 GiB]
2026-07-27 20:20:24 | INFO     | RS01SLBS-MJ01A-12-VEL3DB101: start
2026-07-27 20:20:44 | INFO     | RS01SLBS-MJ01A-12-VEL3DB101: 18 wks, sci~100% [19s, peak 28.0 GiB]
2026-07-27 20:20:44 | INFO     | RS01SUM1-LJ01B-12-VEL3DB104: start
2026-07-27 20:21:03 | INFO     | RS01SUM1-LJ01B-12-VEL3DB104: 18 wks, sci~100% [19s, peak 28.0 GiB]
2026-07-27 20:21:03 | INFO     | RS03AXBS-MJ03A-12-VEL3DB301: start
2026-07-27 20:21:22 | INFO     | RS03AXBS-MJ03A-12-VEL3DB301: 18 wks, sci~100% [19s, peak 28.0 GiB]
2026-07-27 20:21:22 | INFO     | RS03INT2-MJ03D-12-VEL3DB304: start
2026-07-27 20:21:40 | INFO     | RS03INT2-MJ03D-12-VEL3DB304: 18 wks, sci~100% [18s, peak 28.0 GiB]
2026-07-27 20:21:40 | INFO     | RS03ASHS-MJ03B-09-BOTPTA304: start
2026-07-27 20:21:41 | WARNING  | RS03ASHS-MJ03B-09-BOTPTA304: no QARTOD vars [1s, peak 28.0 GiB]
2026-07-27 20:21:41 | INFO     | RS03CCAL-MJ03F-05-BOTPTA301: start
2026-07-27 20:21:43 | WARNING  | RS03CCAL-MJ03F-05-BOTPTA301: no QARTOD vars [2s, peak 28.0 GiB]
2026-07-27 20:21:43 | INFO     | RS03ECAL-MJ03E-06-BOTPTA302: start
2026-07-27 20:21:44 | WARNING  | RS03ECAL-MJ03E-06-BOTPTA302: no QARTOD vars [1s, peak 28.0 GiB]
2026-07-27 20:21:44 | INFO     | RS03INT2-MJ03D-06-BOTPTA303: start
2026-07-27 20:21:45 | WARNING  | RS03INT2-MJ03D-06-BOTPTA303: no QARTOD vars [1s, peak 28.0 GiB]
2026-07-27 20:21:45 | INFO     | CE04OSBP-LJ01C-07-VEL3DC107: start
2026-07-27 20:24:00 | INFO     | CE04OSBP-LJ01C-07-VEL3DC107: 18 wks, sci~88% [134s, peak 28.0 GiB]
2026-07-27 20:24:00 | INFO     | CE02SHBP-LJ01D-07-VEL3DC108: start
2026-07-27 20:26:28 | INFO     | CE02SHBP-LJ01D-07-VEL3DC108: 18 wks, sci~88% [148s, peak 66.1 GiB]
2026-07-27 20:26:28 | INFO     | CE04OSPS-SF01B-3D-SPKIRA102: start
2026-07-27 20:27:01 | INFO     | CE04OSPS-SF01B-3D-SPKIRA102: 18 wks, sci~23% [33s, peak 66.1 GiB]
2026-07-27 20:27:01 | INFO     | RS01SBPS-SF01A-3D-SPKIRA101: start
2026-07-27 20:27:21 | INFO     | RS01SBPS-SF01A-3D-SPKIRA101: 18 wks, sci~48% [21s, peak 66.1 GiB]
2026-07-27 20:27:21 | INFO     | RS03AXPS-SF03A-3D-SPKIRA301: start
2026-07-27 20:28:00 | INFO     | RS03AXPS-SF03A-3D-SPKIRA301: 18 wks, sci~39% [38s, peak 66.1 GiB]
2026-07-27 20:28:00 | INFO     | scanned 74 zarr in 1037s (57 with QARTOD)
2026-07-27 20:28:00 | SUCCESS  | wrote reports/2026-07-27/weekly_science.csv (57 instruments with QARTOD)
2026-07-27 20:28:00 | SUCCESS  | wrote reports/2026-07-27/kpi.csv (1792 instrument-weeks)
2026-07-27 20:28:00 | SUCCESS  | wrote reports/2026-07-27/kpi_pivot_technical.csv (112 instruments x 16 weeks)
2026-07-27 20:28:00 | SUCCESS  | wrote reports/2026-07-27/kpi_pivot_retention.csv (112 instruments x 16 weeks)
2026-07-27 20:28:00 | SUCCESS  | wrote reports/2026-07-27/kpi_pivot_science.csv (112 instruments x 16 weeks)
2026-07-27 20:28:02 | SUCCESS  | wrote reports/2026-07-27/kpi_heatmap_technical.png (113 instruments x 16 weeks)
2026-07-27 20:28:04 | SUCCESS  | wrote reports/2026-07-27/kpi_heatmap_retention.png (113 instruments x 16 weeks)
2026-07-27 20:28:06 | SUCCESS  | wrote reports/2026-07-27/kpi_heatmap_science.png (113 instruments x 16 weeks)
