2026-08-03 12:01:00 | INFO     | crawling 112 instruments over 20260501..20260803
2026-08-03 12:01:00 | INFO     | CE02SHBP-LJ01D-06-CTDBPN106: 0 days, 0 bytes [0.2s]
2026-08-03 12:01:00 | INFO     | RS01SBPS-PC01A-4C-FLORDD103: 95 days, 511,085,748 bytes [0.3s]
2026-08-03 12:01:00 | INFO     | RS03CCAL-MJ03F-12-CTDPFB305: 95 days, 317,456,149 bytes [0.3s]
2026-08-03 12:01:00 | INFO     | RS01SLBS-LJ01A-12-CTDPFB101: 95 days, 433,743,220 bytes [0.3s]
2026-08-03 12:01:00 | INFO     | RS01SBPS-PC01A-4A-CTDPFA103: 95 days, 433,791,348 bytes [0.3s]
2026-08-03 12:01:00 | INFO     | RS03AXPS-SF03A-2A-CTDPFA302: 95 days, 354,930,222 bytes [0.3s]
2026-08-03 12:01:00 | INFO     | RS03AXBS-LJ03A-12-CTDPFB301: 95 days, 433,755,508 bytes [0.3s]
2026-08-03 12:01:00 | INFO     | RS03AXPS-PC03A-4A-CTDPFA303: 95 days, 433,804,660 bytes [0.3s]
2026-08-03 12:01:00 | INFO     | RS01SBPS-SF01A-2A-CTDPFA102: 95 days, 348,337,506 bytes [0.3s]
2026-08-03 12:01:00 | INFO     | RS03AXPS-PC03A-4C-FLORDD303: 95 days, 512,148,664 bytes [0.3s]
2026-08-03 12:01:00 | INFO     | RS03ASHS-MJ03B-10-CTDPFB304: 95 days, 315,463,866 bytes [0.3s]
2026-08-03 12:01:01 | INFO     | RS01SBPS-SF01A-3A-FLORTD101: 95 days, 497,379,082 bytes [0.1s]
2026-08-03 12:01:01 | INFO     | RS03AXPS-SF03A-3A-FLORTD301: 95 days, 522,212,895 bytes [0.1s]
2026-08-03 12:01:01 | INFO     | RS03AXPS-SF03A-4A-NUTNRA301: 94 days, 684,510,374 bytes [0.1s]
2026-08-03 12:01:01 | INFO     | RS01SBPS-SF01A-4A-NUTNRA101: 93 days, 427,504,603 bytes [0.1s]
2026-08-03 12:01:01 | INFO     | RS01SBPS-SF01A-3C-PARADA101: 94 days, 967,540,736 bytes [0.1s]
2026-08-03 12:01:01 | INFO     | RS03AXPS-SF03A-3C-PARADA301: 95 days, 985,918,464 bytes [0.1s]
2026-08-03 12:01:01 | INFO     | CE04OSPS-PC01B-4B-PHSENA106: 0 days, 0 bytes [0.0s]
2026-08-03 12:01:01 | INFO     | RS03AXPS-SF03A-4F-PCO2WA301: 94 days, 427,484 bytes [0.1s]
2026-08-03 12:01:01 | INFO     | RS01SBPS-SF01A-4F-PCO2WA101: 93 days, 431,955 bytes [0.1s]
2026-08-03 12:01:01 | INFO     | CE04OSPS-SF01B-4F-PCO2WA102: 94 days, 444,985 bytes [0.3s]
2026-08-03 12:01:01 | INFO     | RS01SBPS-PC01A-4B-PHSENA102: 95 days, 2,503,782 bytes [0.1s]
2026-08-03 12:01:01 | INFO     | CE04OSPS-PC01B-4D-PCO2WA105: 95 days, 935,055 bytes [0.3s]
2026-08-03 12:01:01 | INFO     | RS01SBPS-SF01A-2D-PHSENA101: 93 days, 2,890,347 bytes [0.1s]
2026-08-03 12:01:01 | INFO     | RS03AXPS-PC03A-4B-PHSENA302: 95 days, 2,503,782 bytes [0.1s]
2026-08-03 12:01:01 | INFO     | CE02SHBP-LJ01D-09-PCO2WB103: 95 days, 930,685 bytes [0.3s]
2026-08-03 12:01:01 | INFO     | CE04OSBP-LJ01C-09-PCO2WB104: 95 days, 932,310 bytes [0.3s]
2026-08-03 12:01:01 | INFO     | RS03AXPS-SF03A-2D-PHSENA301: 94 days, 2,865,152 bytes [0.1s]
2026-08-03 12:01:01 | INFO     | RS01SLBS-LJ01A-10-ADCPTE101: 0 days, 0 bytes [0.0s]
2026-08-03 12:01:01 | INFO     | RS01SBPS-SF01A-4B-VELPTD102: 95 days, 464,339,690 bytes [0.1s]
2026-08-03 12:01:01 | INFO     | RS03AXPS-SF03A-4B-VELPTD302: 95 days, 473,239,272 bytes [0.1s]
2026-08-03 12:01:01 | INFO     | RS01SUM2-MJ01B-12-ADCPSK101: 95 days, 8,872,106,393 bytes [0.1s]
2026-08-03 12:01:01 | INFO     | RS03AXBS-LJ03A-10-ADCPTE303: 95 days, 8,872,211,251 bytes [0.1s]
2026-08-03 12:01:01 | INFO     | RS03AXPS-PC03A-05-ADCPTD302: 95 days, 8,873,259,827 bytes [0.1s]
2026-08-03 12:01:01 | INFO     | RS01SBPS-PC01A-05-ADCPTD102: 95 days, 8,872,945,254 bytes [0.1s]
2026-08-03 12:01:01 | INFO     | RS03AXPS-PC03A-06-VADCPB301: 95 days, 29,210,391,347 bytes [0.1s]
2026-08-03 12:01:01 | INFO     | RS01SBPS-PC01A-06-VADCPB101: 95 days, 29,470,647,910 bytes [0.1s]
2026-08-03 12:01:02 | INFO     | RS03INT1-MJ03C-07-D1000A301: 95 days, 285,938,855 bytes [0.1s]
2026-08-03 12:01:02 | INFO     | RS03INT1-MJ03C-10-TRHPHA301: 95 days, 79,618,048 bytes [0.1s]
2026-08-03 12:01:02 | INFO     | RS03INT1-MJ03C-09-TRHPHA302: 95 days, 79,479,808 bytes [0.1s]
2026-08-03 12:01:02 | INFO     | RS03AXBS-MJ03A-06-PRESTA301: 95 days, 98,580,480 bytes [0.1s]
2026-08-03 12:01:02 | INFO     | RS01SLBS-MJ01A-06-PRESTA101: 95 days, 1,873,181,696 bytes [0.1s]
2026-08-03 12:01:02 | INFO     | CE04OSPS-SF01B-2B-PHSENA108: 94 days, 2,987,008 bytes [1.5s]
2026-08-03 12:01:02 | INFO     | CE04OSPS-SF01B-4A-NUTNRA102: 94 days, 493,145,252 bytes [1.7s]
2026-08-03 12:01:02 | INFO     | RS03AXBS-LJ03A-05-HPIESA301: 0 days, 0 bytes [0.0s]
2026-08-03 12:01:02 | INFO     | RS01SUM1-LJ01B-09-PRESTB102: 95 days, 1,478,688,768 bytes [0.1s]
2026-08-03 12:01:02 | INFO     | CE04OSPS-PC01B-4C-PHSENH109: 95 days, 1,929,847 bytes [1.5s]
2026-08-03 12:01:02 | INFO     | CE04OSBP-LJ01C-10-PHSEND107: 95 days, 2,503,680 bytes [1.5s]
2026-08-03 12:01:02 | INFO     | RS03ASHS-MJ03B-07-TMPSFA301: 95 days, 207,023,662 bytes [0.1s]
2026-08-03 12:01:02 | INFO     | RS01SLBS-LJ01A-05-HPIESA101: 95 days, 591,535,104 bytes [0.1s]
2026-08-03 12:01:02 | INFO     | CE02SHBP-LJ01D-10-PHSENH110: 95 days, 1,925,530 bytes [1.5s]
2026-08-03 12:01:02 | INFO     | RS01SLBS-MJ01A-12-VEL3DB101: 95 days, 907,017,402 bytes [0.1s]
2026-08-03 12:01:02 | INFO     | RS01SUM1-LJ01B-12-VEL3DB104: 95 days, 906,929,338 bytes [0.1s]
2026-08-03 12:01:02 | INFO     | RS03ASHS-MJ03B-09-BOTPTA304: 95 days, 1,577,375,744 bytes [0.1s]
2026-08-03 12:01:02 | INFO     | RS03AXBS-MJ03A-12-VEL3DB301: 95 days, 906,942,650 bytes [0.1s]
2026-08-03 12:01:02 | INFO     | RS03CCAL-MJ03F-05-BOTPTA301: 95 days, 1,577,376,768 bytes [0.1s]
2026-08-03 12:01:02 | INFO     | CE04OSPS-SF01B-3A-FLORTD104: 95 days, 512,142,520 bytes [2.1s]
2026-08-03 12:01:02 | INFO     | CE04OSPS-SF01B-3C-PARADA102: 95 days, 985,905,152 bytes [2.1s]
2026-08-03 12:01:02 | INFO     | RS03AXPS-SF03A-3B-OPTAAD301: 94 days, 2,365,587,456 bytes [0.1s]
2026-08-03 12:01:03 | INFO     | RS01SBPS-SF01A-3B-OPTAAD101: 93 days, 2,430,599,168 bytes [0.1s]
2026-08-03 12:01:03 | INFO     | RS01SLBS-LJ01A-11-OPTAAC103: 95 days, 1,281,944,576 bytes [0.1s]
2026-08-03 12:01:03 | INFO     | CE04OSPS-SF01B-2A-CTDPFA107: 95 days, 354,925,102 bytes [2.6s]
2026-08-03 12:01:03 | INFO     | RS03ECAL-MJ03E-12-CTDPFB306: 95 days, 325,320,424 bytes [2.6s]
2026-08-03 12:01:03 | INFO     | CE02SHBP-LJ01D-08-OPTAAD106: 0 days, 0 bytes [0.0s]
2026-08-03 12:01:03 | INFO     | RS03AXBS-LJ03A-11-OPTAAC303: 95 days, 1,183,315,968 bytes [0.1s]
2026-08-03 12:01:03 | INFO     | RS01SBPS-SF01A-3D-SPKIRA101: 95 days, 2,419,111,954 bytes [0.1s]
2026-08-03 12:01:03 | INFO     | CE04OSPS-SF01B-4B-VELPTD106: 95 days, 473,232,104 bytes [2.1s]
2026-08-03 12:01:03 | INFO     | RS03INT2-MJ03D-11-CTDPFB307: 95 days, 315,463,866 bytes [2.7s]
2026-08-03 12:01:03 | INFO     | CE04OSPS-PC01B-4A-CTDPFA109: 95 days, 433,798,516 bytes [2.7s]
2026-08-03 12:01:03 | INFO     | CE02SHBP-MJ01C-08-CAMDSB107: 0 days, 0 bytes [0.0s]
2026-08-03 12:01:03 | INFO     | RS03AXPS-SF03A-3D-SPKIRA301: 95 days, 2,464,798,720 bytes [0.1s]
2026-08-03 12:01:03 | INFO     | CE04OSBP-LJ01C-06-CTDBPO108: 95 days, 433,749,364 bytes [2.8s]
2026-08-03 12:01:03 | INFO     | CE04OSBP-LJ01C-05-ADCPSI103: 95 days, 8,872,106,393 bytes [2.2s]
2026-08-03 12:01:03 | INFO     | CE02SHBP-LJ01D-05-ADCPTB104: 95 days, 9,069,448,396 bytes [2.4s]
2026-08-03 12:01:03 | INFO     | CE04OSBP-LJ01C-11-HYDBBA105: 0 days, 0 bytes [0.1s]
2026-08-03 12:01:04 | INFO     | CE04OSPS-SF01B-3B-OPTAAD105: 94 days, 2,365,587,456 bytes [1.5s]
2026-08-03 12:01:04 | INFO     | RS03ECAL-MJ03E-06-BOTPTA302: 95 days, 10,055,843,840 bytes [1.7s]
2026-08-03 12:01:04 | INFO     | RS03INT2-MJ03D-12-VEL3DB304: 95 days, 906,956,986 bytes [1.9s]
2026-08-03 12:01:04 | INFO     | CE04OSBP-LJ01C-07-VEL3DC107: 95 days, 2,957,378,560 bytes [1.8s]
2026-08-03 12:01:04 | INFO     | RS01SLBS-MJ01A-05-HYDLFA101: 0 days, 0 bytes [0.0s]
2026-08-03 12:01:04 | INFO     | CE04OSBP-LJ01C-08-OPTAAC104: 95 days, 1,281,907,712 bytes [1.6s]
2026-08-03 12:01:04 | INFO     | CE04OSPS-SF01B-3D-SPKIRA102: 95 days, 2,464,761,856 bytes [1.5s]
2026-08-03 12:01:04 | INFO     | RS01SUM1-LJ01B-05-HYDLFA104: 0 days, 0 bytes [0.0s]
2026-08-03 12:01:04 | INFO     | RS03AXBS-MJ03A-05-HYDLFA301: 0 days, 0 bytes [0.0s]
2026-08-03 12:01:04 | INFO     | RS03ECAL-MJ03E-09-HYDLFA304: 0 days, 0 bytes [0.0s]
2026-08-03 12:01:04 | INFO     | RS01SLBS-MJ01A-05-OBSBBA102: 0 days, 0 bytes [0.0s]
2026-08-03 12:01:04 | INFO     | RS03CCAL-MJ03F-06-HYDLFA305: 0 days, 0 bytes [0.1s]
2026-08-03 12:01:04 | INFO     | RS01SUM1-LJ01B-05-OBSBBA101: 0 days, 0 bytes [0.0s]
2026-08-03 12:01:04 | INFO     | RS03AXBS-MJ03A-05-OBSBBA303: 0 days, 0 bytes [0.0s]
2026-08-03 12:01:04 | INFO     | RS03CCAL-MJ03F-06-OBSBBA301: 0 days, 0 bytes [0.1s]
2026-08-03 12:01:04 | INFO     | RS01SUM1-LJ01B-06-OBSSPA103: 0 days, 0 bytes [0.0s]
2026-08-03 12:01:04 | INFO     | RS03ECAL-MJ03E-09-OBSBBA302: 0 days, 0 bytes [0.2s]
2026-08-03 12:01:05 | INFO     | RS01SUM1-LJ01B-07-OBSSPA102: 0 days, 0 bytes [0.0s]
2026-08-03 12:01:05 | INFO     | RS03INT2-MJ03D-06-BOTPTA303: 95 days, 1,577,376,768 bytes [2.3s]
2026-08-03 12:01:05 | INFO     | RS01SUM1-LJ01B-08-OBSSPA101: 0 days, 0 bytes [0.1s]
2026-08-03 12:01:05 | INFO     | RS03ASHS-MJ03B-06-OBSSPA301: 0 days, 0 bytes [0.0s]
2026-08-03 12:01:05 | INFO     | RS03ECAL-MJ03E-08-OBSSPA304: 0 days, 0 bytes [0.0s]
2026-08-03 12:01:05 | INFO     | RS03ECAL-MJ03E-05-OBSSPA303: 0 days, 0 bytes [0.1s]
2026-08-03 12:01:05 | INFO     | RS03ASHS-MJ03B-05-OBSSPA302: 0 days, 0 bytes [0.1s]
2026-08-03 12:01:05 | INFO     | RS03INT2-MJ03D-05-OBSSPA305: 0 days, 0 bytes [0.1s]
2026-08-03 12:01:05 | INFO     | CE02SHBP-LJ01D-07-VEL3DC108: 95 days, 2,957,422,592 bytes [2.4s]
2026-08-03 12:01:08 | INFO     | RS03ASHS-PN03B-06-CAMHDA301: 95 days, 12,336,829,088,488 bytes [5.2s]
2026-08-03 12:01:11 | INFO     | RS01SBPS-PC01A-07-CAMDSC102: 93 days, 294,069,281,792 bytes [8.7s]
2026-08-03 12:01:12 | INFO     | RS01SUM2-MJ01B-05-CAMDSB103: 95 days, 107,408,779,292 bytes [8.7s]
2026-08-03 12:01:12 | INFO     | RS03AXPS-PC03A-07-CAMDSC302: 95 days, 313,803,145,216 bytes [8.7s]
2026-08-03 12:01:12 | INFO     | RS03INT1-MJ03C-05-CAMDSB303: 95 days, 103,121,990,298 bytes [8.9s]
2026-08-03 12:01:12 | INFO     | CE04OSBP-LV01C-06-CAMDSB106: 95 days, 133,175,227,558 bytes [8.9s]
2026-08-03 12:01:14 | INFO     | RS01SBPS-PC01A-08-HYDBBA103: 85 days, 735,127,708,132 bytes [10.7s]
2026-08-03 12:01:14 | INFO     | RS03AXBS-LJ03A-09-HYDBBA302: 85 days, 670,488,441,111 bytes [10.1s]
2026-08-03 12:01:14 | INFO     | CE02SHBP-LJ01D-11-HYDBBA106: 85 days, 545,314,240,254 bytes [11.1s]
2026-08-03 12:01:14 | INFO     | RS01SLBS-LJ01A-09-HYDBBA102: 85 days, 510,232,004,353 bytes [10.4s]
2026-08-03 12:01:14 | INFO     | RS03AXPS-PC03A-08-HYDBBA303: 85 days, 740,150,900,287 bytes [10.4s]
2026-08-03 12:01:14 | INFO     | crawled 112 instruments in 14s (0.1s each)
2026-08-03 12:01:14 | INFO     | 13 complete weeks in window: 2026-05-11..2026-08-03
2026-08-03 12:01:14 | SUCCESS  | wrote reports/2026-08-03/weekly_delivery.csv (112 instruments x 13 weeks)
2026-08-03 12:01:15 | INFO     | flox 0.11.2 present, use_flox forced on
2026-08-03 12:01:15 | WARNING  | RS03AXPS-SF03A-3B-OPTAAD301: skipped (store mid-regeneration, see REGENERATING)
2026-08-03 12:01:15 | WARNING  | CE04OSPS-SF01B-3B-OPTAAD105: skipped (store mid-regeneration, see REGENERATING)
2026-08-03 12:01:15 | WARNING  | RS01SBPS-SF01A-3B-OPTAAD101: skipped (store mid-regeneration, see REGENERATING)
2026-08-03 12:01:15 | WARNING  | RS01SLBS-LJ01A-11-OPTAAC103: skipped (store mid-regeneration, see REGENERATING)
2026-08-03 12:01:15 | WARNING  | CE04OSBP-LJ01C-08-OPTAAC104: skipped (store mid-regeneration, see REGENERATING)
2026-08-03 12:01:15 | WARNING  | RS03AXBS-LJ03A-11-OPTAAC303: skipped (store mid-regeneration, see REGENERATING)
2026-08-03 12:01:15 | WARNING  | CE02SHBP-LJ01D-08-OPTAAD106: skipped (store mid-regeneration, see REGENERATING)
2026-08-03 12:01:15 | INFO     | C2: scanning QARTOD in 74 zarr datasets over 2026-05-01..2026-08-03
2026-08-03 12:01:15 | INFO     | CE02SHBP-LJ01D-06-CTDBPN106: start
2026-08-03 12:01:24 | INFO     | CE02SHBP-LJ01D-06-CTDBPN106: 0 wks (no data in window) [9s, peak 10.1 GiB]
2026-08-03 12:01:24 | INFO     | CE04OSBP-LJ01C-06-CTDBPO108: start
2026-08-03 12:01:42 | INFO     | CE04OSBP-LJ01C-06-CTDBPO108: 15 wks, sci~100% [17s, peak 11.4 GiB]
2026-08-03 12:01:42 | INFO     | RS01SLBS-LJ01A-12-CTDPFB101: start
2026-08-03 12:01:58 | INFO     | RS01SLBS-LJ01A-12-CTDPFB101: 15 wks, sci~100% [17s, peak 11.7 GiB]
2026-08-03 12:01:59 | INFO     | RS03AXBS-LJ03A-12-CTDPFB301: start
2026-08-03 12:02:15 | INFO     | RS03AXBS-LJ03A-12-CTDPFB301: 15 wks, sci~100% [16s, peak 11.8 GiB]
2026-08-03 12:02:15 | INFO     | RS03ASHS-MJ03B-10-CTDPFB304: start
2026-08-03 12:02:28 | INFO     | RS03ASHS-MJ03B-10-CTDPFB304: 15 wks, sci~100% [13s, peak 11.8 GiB]
2026-08-03 12:02:28 | INFO     | RS03CCAL-MJ03F-12-CTDPFB305: start
2026-08-03 12:02:39 | INFO     | RS03CCAL-MJ03F-12-CTDPFB305: 15 wks, sci~100% [11s, peak 11.8 GiB]
2026-08-03 12:02:39 | INFO     | RS03ECAL-MJ03E-12-CTDPFB306: start
2026-08-03 12:02:50 | INFO     | RS03ECAL-MJ03E-12-CTDPFB306: 15 wks, sci~100% [12s, peak 11.8 GiB]
2026-08-03 12:02:50 | INFO     | RS03INT2-MJ03D-11-CTDPFB307: start
2026-08-03 12:03:00 | INFO     | RS03INT2-MJ03D-11-CTDPFB307: 15 wks, sci~100% [10s, peak 11.8 GiB]
2026-08-03 12:03:00 | INFO     | RS01SBPS-PC01A-4A-CTDPFA103: start
2026-08-03 12:03:16 | INFO     | RS01SBPS-PC01A-4A-CTDPFA103: 15 wks, sci~100% [16s, peak 11.8 GiB]
2026-08-03 12:03:16 | INFO     | CE04OSPS-PC01B-4A-CTDPFA109: start
2026-08-03 12:03:33 | INFO     | CE04OSPS-PC01B-4A-CTDPFA109: 15 wks, sci~100% [17s, peak 11.8 GiB]
2026-08-03 12:03:33 | INFO     | RS03AXPS-PC03A-4A-CTDPFA303: start
2026-08-03 12:03:49 | INFO     | RS03AXPS-PC03A-4A-CTDPFA303: 15 wks, sci~100% [16s, peak 11.8 GiB]
2026-08-03 12:03:49 | INFO     | RS01SBPS-SF01A-2A-CTDPFA102: start
2026-08-03 12:04:04 | INFO     | RS01SBPS-SF01A-2A-CTDPFA102: 15 wks, sci~100% [15s, peak 11.8 GiB]
2026-08-03 12:04:04 | INFO     | CE04OSPS-SF01B-2A-CTDPFA107: start
2026-08-03 12:04:19 | INFO     | CE04OSPS-SF01B-2A-CTDPFA107: 15 wks, sci~100% [15s, peak 11.8 GiB]
2026-08-03 12:04:19 | INFO     | RS03AXPS-SF03A-2A-CTDPFA302: start
2026-08-03 12:04:35 | INFO     | RS03AXPS-SF03A-2A-CTDPFA302: 15 wks, sci~100% [16s, peak 11.8 GiB]
2026-08-03 12:04:35 | INFO     | RS01SBPS-PC01A-4C-FLORDD103: start
2026-08-03 12:04:45 | INFO     | RS01SBPS-PC01A-4C-FLORDD103: 15 wks, sci~100% [10s, peak 11.8 GiB]
2026-08-03 12:04:45 | INFO     | RS03AXPS-PC03A-4C-FLORDD303: start
2026-08-03 12:04:56 | INFO     | RS03AXPS-PC03A-4C-FLORDD303: 15 wks, sci~100% [11s, peak 11.8 GiB]
2026-08-03 12:04:56 | INFO     | CE04OSPS-SF01B-3A-FLORTD104: start
2026-08-03 12:05:07 | INFO     | CE04OSPS-SF01B-3A-FLORTD104: 15 wks, sci~70% [12s, peak 11.8 GiB]
2026-08-03 12:05:07 | INFO     | RS01SBPS-SF01A-3A-FLORTD101: start
2026-08-03 12:05:17 | INFO     | RS01SBPS-SF01A-3A-FLORTD101: 15 wks, sci~100% [10s, peak 11.8 GiB]
2026-08-03 12:05:17 | INFO     | RS03AXPS-SF03A-3A-FLORTD301: start
2026-08-03 12:05:28 | INFO     | RS03AXPS-SF03A-3A-FLORTD301: 15 wks, sci~87% [11s, peak 11.8 GiB]
2026-08-03 12:05:28 | INFO     | CE04OSPS-SF01B-4A-NUTNRA102: start
2026-08-03 12:05:30 | INFO     | CE04OSPS-SF01B-4A-NUTNRA102: 15 wks, sci~100% [2s, peak 11.8 GiB]
2026-08-03 12:05:30 | INFO     | RS01SBPS-SF01A-4A-NUTNRA101: start
2026-08-03 12:05:32 | INFO     | RS01SBPS-SF01A-4A-NUTNRA101: 15 wks, sci~97% [2s, peak 11.8 GiB]
2026-08-03 12:05:32 | INFO     | RS03AXPS-SF03A-4A-NUTNRA301: start
2026-08-03 12:05:35 | INFO     | RS03AXPS-SF03A-4A-NUTNRA301: 15 wks, sci~96% [2s, peak 11.8 GiB]
2026-08-03 12:05:35 | INFO     | CE04OSPS-SF01B-3C-PARADA102: start
2026-08-03 12:05:46 | INFO     | CE04OSPS-SF01B-3C-PARADA102: 15 wks, sci~23% [11s, peak 11.9 GiB]
2026-08-03 12:05:46 | INFO     | RS01SBPS-SF01A-3C-PARADA101: start
2026-08-03 12:06:03 | INFO     | RS01SBPS-SF01A-3C-PARADA101: 15 wks, sci~37% [18s, peak 27.9 GiB]
2026-08-03 12:06:03 | INFO     | RS03AXPS-SF03A-3C-PARADA301: start
2026-08-03 12:06:20 | INFO     | RS03AXPS-SF03A-3C-PARADA301: 15 wks, sci~36% [16s, peak 27.9 GiB]
2026-08-03 12:06:20 | INFO     | CE04OSPS-SF01B-4F-PCO2WA102: start
2026-08-03 12:06:22 | INFO     | CE04OSPS-SF01B-4F-PCO2WA102: 15 wks, sci~52% [2s, peak 27.9 GiB]
2026-08-03 12:06:22 | INFO     | CE04OSPS-PC01B-4D-PCO2WA105: start
2026-08-03 12:06:24 | INFO     | CE04OSPS-PC01B-4D-PCO2WA105: 15 wks, sci~100% [2s, peak 27.9 GiB]
2026-08-03 12:06:24 | INFO     | RS01SBPS-SF01A-4F-PCO2WA101: start
2026-08-03 12:06:26 | INFO     | RS01SBPS-SF01A-4F-PCO2WA101: 15 wks, sci~52% [2s, peak 27.9 GiB]
2026-08-03 12:06:26 | INFO     | RS03AXPS-SF03A-4F-PCO2WA301: start
2026-08-03 12:06:28 | INFO     | RS03AXPS-SF03A-4F-PCO2WA301: 15 wks, sci~73% [2s, peak 27.9 GiB]
2026-08-03 12:06:28 | INFO     | CE02SHBP-LJ01D-09-PCO2WB103: start
2026-08-03 12:06:30 | INFO     | CE02SHBP-LJ01D-09-PCO2WB103: 15 wks, sci~100% [2s, peak 27.9 GiB]
2026-08-03 12:06:30 | INFO     | CE04OSBP-LJ01C-09-PCO2WB104: start
2026-08-03 12:06:32 | INFO     | CE04OSBP-LJ01C-09-PCO2WB104: 15 wks, sci~100% [2s, peak 27.9 GiB]
2026-08-03 12:06:32 | INFO     | CE04OSPS-SF01B-2B-PHSENA108: start
2026-08-03 12:06:34 | INFO     | CE04OSPS-SF01B-2B-PHSENA108: 15 wks, sci~28% [2s, peak 27.9 GiB]
2026-08-03 12:06:34 | INFO     | CE04OSPS-PC01B-4B-PHSENA106: start
2026-08-03 12:06:36 | INFO     | CE04OSPS-PC01B-4B-PHSENA106: 0 wks (no data in window) [2s, peak 27.9 GiB]
2026-08-03 12:06:36 | INFO     | RS01SBPS-PC01A-4B-PHSENA102: start
2026-08-03 12:06:39 | INFO     | RS01SBPS-PC01A-4B-PHSENA102: 15 wks, sci~100% [2s, peak 27.9 GiB]
2026-08-03 12:06:39 | INFO     | RS01SBPS-SF01A-2D-PHSENA101: start
2026-08-03 12:06:41 | INFO     | RS01SBPS-SF01A-2D-PHSENA101: 15 wks, sci~99% [2s, peak 27.9 GiB]
2026-08-03 12:06:41 | INFO     | RS03AXPS-PC03A-4B-PHSENA302: start
2026-08-03 12:06:43 | INFO     | RS03AXPS-PC03A-4B-PHSENA302: 15 wks, sci~100% [2s, peak 27.9 GiB]
2026-08-03 12:06:43 | INFO     | RS03AXPS-SF03A-2D-PHSENA301: start
2026-08-03 12:06:45 | INFO     | RS03AXPS-SF03A-2D-PHSENA301: 15 wks, sci~100% [2s, peak 27.9 GiB]
2026-08-03 12:06:45 | INFO     | CE04OSPS-PC01B-4C-PHSENH109: start
2026-08-03 12:06:47 | WARNING  | CE04OSPS-PC01B-4C-PHSENH109: no QARTOD vars [2s, peak 27.9 GiB]
2026-08-03 12:06:47 | INFO     | CE02SHBP-LJ01D-10-PHSENH110: start
2026-08-03 12:06:48 | WARNING  | CE02SHBP-LJ01D-10-PHSENH110: no QARTOD vars [2s, peak 27.9 GiB]
2026-08-03 12:06:48 | INFO     | CE04OSBP-LJ01C-10-PHSEND107: start
2026-08-03 12:06:50 | INFO     | CE04OSBP-LJ01C-10-PHSEND107: 15 wks, sci~92% [2s, peak 27.9 GiB]
2026-08-03 12:06:50 | INFO     | CE04OSPS-SF01B-4B-VELPTD106: start
2026-08-03 12:06:57 | WARNING  | CE04OSPS-SF01B-4B-VELPTD106: no QARTOD vars [6s, peak 27.9 GiB]
2026-08-03 12:06:57 | INFO     | RS01SBPS-SF01A-4B-VELPTD102: start
2026-08-03 12:07:04 | WARNING  | RS01SBPS-SF01A-4B-VELPTD102: no QARTOD vars [7s, peak 27.9 GiB]
2026-08-03 12:07:04 | INFO     | RS03AXPS-SF03A-4B-VELPTD302: start
2026-08-03 12:07:12 | WARNING  | RS03AXPS-SF03A-4B-VELPTD302: no QARTOD vars [8s, peak 27.9 GiB]
2026-08-03 12:07:12 | INFO     | RS01SLBS-LJ01A-10-ADCPTE101: start
2026-08-03 12:07:18 | INFO     | RS01SLBS-LJ01A-10-ADCPTE101: 0 wks (no data in window) [6s, peak 27.9 GiB]
2026-08-03 12:07:18 | INFO     | RS01SUM2-MJ01B-12-ADCPSK101: start
2026-08-03 12:07:25 | INFO     | RS01SUM2-MJ01B-12-ADCPSK101: 15 wks, sci~100% [7s, peak 27.9 GiB]
2026-08-03 12:07:25 | INFO     | CE04OSBP-LJ01C-05-ADCPSI103: start
2026-08-03 12:07:33 | INFO     | CE04OSBP-LJ01C-05-ADCPSI103: 15 wks, sci~100% [8s, peak 27.9 GiB]
2026-08-03 12:07:33 | INFO     | CE02SHBP-LJ01D-05-ADCPTB104: start
2026-08-03 12:07:48 | INFO     | CE02SHBP-LJ01D-05-ADCPTB104: 15 wks, sci~100% [15s, peak 27.9 GiB]
2026-08-03 12:07:48 | INFO     | RS03AXBS-LJ03A-10-ADCPTE303: start
2026-08-03 12:07:58 | INFO     | RS03AXBS-LJ03A-10-ADCPTE303: 15 wks, sci~100% [10s, peak 27.9 GiB]
2026-08-03 12:07:58 | INFO     | RS03AXPS-PC03A-05-ADCPTD302: start
2026-08-03 12:08:11 | INFO     | RS03AXPS-PC03A-05-ADCPTD302: 15 wks, sci~100% [13s, peak 27.9 GiB]
2026-08-03 12:08:11 | INFO     | RS01SBPS-PC01A-05-ADCPTD102: start
2026-08-03 12:08:26 | INFO     | RS01SBPS-PC01A-05-ADCPTD102: 15 wks, sci~100% [15s, peak 27.9 GiB]
2026-08-03 12:08:26 | INFO     | RS03AXPS-PC03A-06-VADCPB301: start
2026-08-03 12:08:29 | WARNING  | RS03AXPS-PC03A-06-VADCPB301: no QARTOD vars [3s, peak 27.9 GiB]
2026-08-03 12:08:29 | INFO     | RS01SBPS-PC01A-06-VADCPB101: start
2026-08-03 12:08:32 | WARNING  | RS01SBPS-PC01A-06-VADCPB101: no QARTOD vars [3s, peak 27.9 GiB]
2026-08-03 12:08:32 | INFO     | RS03INT1-MJ03C-07-D1000A301: start
2026-08-03 12:08:37 | INFO     | RS03INT1-MJ03C-07-D1000A301: 15 wks, sci~100% [5s, peak 27.9 GiB]
2026-08-03 12:08:37 | INFO     | RS03INT1-MJ03C-10-TRHPHA301: start
2026-08-03 12:08:41 | INFO     | RS03INT1-MJ03C-10-TRHPHA301: 15 wks, sci~100% [4s, peak 27.9 GiB]
2026-08-03 12:08:41 | INFO     | RS03INT1-MJ03C-09-TRHPHA302: start
2026-08-03 12:08:44 | WARNING  | RS03INT1-MJ03C-09-TRHPHA302: no QARTOD vars [2s, peak 27.9 GiB]
2026-08-03 12:08:44 | INFO     | RS03AXBS-MJ03A-06-PRESTA301: start
2026-08-03 12:08:49 | INFO     | RS03AXBS-MJ03A-06-PRESTA301: 15 wks, sci~100% [5s, peak 27.9 GiB]
2026-08-03 12:08:49 | INFO     | RS01SLBS-MJ01A-06-PRESTA101: start
2026-08-03 12:08:59 | INFO     | RS01SLBS-MJ01A-06-PRESTA101: 15 wks, sci~100% [10s, peak 27.9 GiB]
2026-08-03 12:08:59 | INFO     | RS01SUM1-LJ01B-09-PRESTB102: start
2026-08-03 12:09:09 | INFO     | RS01SUM1-LJ01B-09-PRESTB102: 15 wks, sci~100% [10s, peak 27.9 GiB]
2026-08-03 12:09:09 | INFO     | RS03AXBS-LJ03A-05-HPIESA301: start
2026-08-03 12:09:11 | INFO     | RS03AXBS-LJ03A-05-HPIESA301: 0 wks (no data in window) [2s, peak 27.9 GiB]
2026-08-03 12:09:11 | INFO     | RS01SLBS-LJ01A-05-HPIESA101: start
2026-08-03 12:09:12 | INFO     | RS01SLBS-LJ01A-05-HPIESA101: 0 wks (no data in window) [2s, peak 27.9 GiB]
2026-08-03 12:09:12 | INFO     | RS03ASHS-MJ03B-07-TMPSFA301: start
2026-08-03 12:09:19 | INFO     | RS03ASHS-MJ03B-07-TMPSFA301: 15 wks, sci~100% [7s, peak 27.9 GiB]
2026-08-03 12:09:19 | INFO     | RS01SLBS-MJ01A-12-VEL3DB101: start
2026-08-03 12:09:36 | INFO     | RS01SLBS-MJ01A-12-VEL3DB101: 15 wks, sci~100% [17s, peak 27.9 GiB]
2026-08-03 12:09:36 | INFO     | RS01SUM1-LJ01B-12-VEL3DB104: start
2026-08-03 12:09:52 | INFO     | RS01SUM1-LJ01B-12-VEL3DB104: 15 wks, sci~100% [16s, peak 27.9 GiB]
2026-08-03 12:09:52 | INFO     | RS03AXBS-MJ03A-12-VEL3DB301: start
2026-08-03 12:10:08 | INFO     | RS03AXBS-MJ03A-12-VEL3DB301: 15 wks, sci~100% [16s, peak 27.9 GiB]
2026-08-03 12:10:08 | INFO     | RS03INT2-MJ03D-12-VEL3DB304: start
2026-08-03 12:10:24 | INFO     | RS03INT2-MJ03D-12-VEL3DB304: 15 wks, sci~100% [16s, peak 27.9 GiB]
2026-08-03 12:10:24 | INFO     | RS03ASHS-MJ03B-09-BOTPTA304: start
2026-08-03 12:10:25 | WARNING  | RS03ASHS-MJ03B-09-BOTPTA304: no QARTOD vars [1s, peak 27.9 GiB]
2026-08-03 12:10:25 | INFO     | RS03CCAL-MJ03F-05-BOTPTA301: start
2026-08-03 12:10:26 | WARNING  | RS03CCAL-MJ03F-05-BOTPTA301: no QARTOD vars [1s, peak 27.9 GiB]
2026-08-03 12:10:26 | INFO     | RS03ECAL-MJ03E-06-BOTPTA302: start
2026-08-03 12:10:27 | WARNING  | RS03ECAL-MJ03E-06-BOTPTA302: no QARTOD vars [1s, peak 27.9 GiB]
2026-08-03 12:10:27 | INFO     | RS03INT2-MJ03D-06-BOTPTA303: start
2026-08-03 12:10:28 | WARNING  | RS03INT2-MJ03D-06-BOTPTA303: no QARTOD vars [1s, peak 27.9 GiB]
2026-08-03 12:10:28 | INFO     | CE04OSBP-LJ01C-07-VEL3DC107: start
2026-08-03 12:12:22 | INFO     | CE04OSBP-LJ01C-07-VEL3DC107: 15 wks, sci~88% [113s, peak 27.9 GiB]
2026-08-03 12:12:22 | INFO     | CE02SHBP-LJ01D-07-VEL3DC108: start
2026-08-03 12:14:29 | INFO     | CE02SHBP-LJ01D-07-VEL3DC108: 15 wks, sci~88% [128s, peak 66.4 GiB]
2026-08-03 12:14:29 | INFO     | CE04OSPS-SF01B-3D-SPKIRA102: start
2026-08-03 12:14:54 | INFO     | CE04OSPS-SF01B-3D-SPKIRA102: 15 wks, sci~22% [25s, peak 66.4 GiB]
2026-08-03 12:14:54 | INFO     | RS01SBPS-SF01A-3D-SPKIRA101: start
2026-08-03 12:15:11 | INFO     | RS01SBPS-SF01A-3D-SPKIRA101: 15 wks, sci~47% [17s, peak 66.4 GiB]
2026-08-03 12:15:11 | INFO     | RS03AXPS-SF03A-3D-SPKIRA301: start
2026-08-03 12:15:40 | INFO     | RS03AXPS-SF03A-3D-SPKIRA301: 15 wks, sci~40% [29s, peak 66.4 GiB]
2026-08-03 12:15:40 | INFO     | scanned 74 zarr in 865s (57 with QARTOD)
2026-08-03 12:15:40 | SUCCESS  | wrote reports/2026-08-03/weekly_science.csv (57 instruments with QARTOD)
2026-08-03 12:15:40 | SUCCESS  | wrote reports/2026-08-03/kpi.csv (1456 instrument-weeks)
2026-08-03 12:15:40 | SUCCESS  | wrote reports/2026-08-03/kpi_pivot_technical.csv (112 instruments x 13 weeks)
2026-08-03 12:15:40 | SUCCESS  | wrote reports/2026-08-03/kpi_pivot_retention.csv (112 instruments x 13 weeks)
2026-08-03 12:15:40 | SUCCESS  | wrote reports/2026-08-03/kpi_pivot_science.csv (112 instruments x 13 weeks)
2026-08-03 12:15:43 | SUCCESS  | wrote reports/2026-08-03/kpi_heatmap_technical.png (113 instruments x 13 weeks)
2026-08-03 12:15:45 | SUCCESS  | wrote reports/2026-08-03/kpi_heatmap_retention.png (113 instruments x 13 weeks)
2026-08-03 12:15:46 | SUCCESS  | wrote reports/2026-08-03/kpi_heatmap_science.png (113 instruments x 13 weeks)
